11:42:00 **** Build of configuration Debug for project 0 ****
make pre-build main-build 
a9-linaro-pre-build-step
' '
'Building file: ../src/main.cc'
'Invoking: ARM v7 g++ compiler'
arm-none-eabi-g++ -Wall -O0 -g3 -c -fmessage-length=0 -MT"src/main.o" -mcpu=cortex-a9 -mfpu=vfpv3 -mfloat-abi=hard -I../../0_bsp/ps7_cortexa9_0/include -MMD -MP -MF"src/main.d" -MT"src/main.o" -o "src/main.o" "../src/main.cc"
'Finished building: ../src/main.cc'
' '
'Building target: 0.elf'
'Invoking: ARM v7 g++ linker'
arm-none-eabi-g++ -mcpu=cortex-a9 -mfpu=vfpv3 -mfloat-abi=hard -Wl,-build-id=none -specs=Xilinx.spec -Wl,-T -Wl,../src/lscript.ld -L../../0_bsp/ps7_cortexa9_0/lib -o "0.elf"  ./src/main.o   -Wl,--start-group,-lxil,-lfreertos,-lgcc,-lc,-lstdc++,--end-group
'Finished building target: 0.elf'
' '
'Invoking: ARM v7 Print Size'
arm-none-eabi-size 0.elf  |tee "0.elf.size"
   text	   data	    bss	    dec	    hex	filename
  89208	   4172	  89408	 182788	  2ca04	0.elf
'Finished building: 0.elf.size'
' '

11:42:01 Build Finished (took 1s.308ms)

