23:48:35 **** Clean-only build of configuration Debug for project Test_RBF_Wavegait ****
make clean 
rm -rf  ./src/hexapod_leg/imu.d ./src/hexapod_leg/leg.d  ./src/main.d  ./src/hexapod_leg/I2Cdev.o ./src/hexapod_leg/MPU6050.o ./src/hexapod_leg/comm.o ./src/hexapod_leg/i2c.o ./src/hexapod_leg/imu.o ./src/hexapod_leg/interrupt.o ./src/hexapod_leg/joint_controls.o ./src/hexapod_leg/leg.o  ./src/FilterRBF/MvAvgFilter3.o ./src/FilterRBF/MvAvgFilter3_initialize.o ./src/FilterRBF/MvAvgFilter3_terminate.o ./src/FilterRBF/RBF2Test3.o ./src/FilterRBF/mod.o ./src/FilterRBF/rtGetInf.o ./src/FilterRBF/rtGetNaN.o ./src/FilterRBF/rt_nonfinite.o ./src/FilterRBF/sum.o  ./src/main.o  ./src/hexapod_leg/comm.d ./src/hexapod_leg/i2c.d ./src/hexapod_leg/interrupt.d ./src/hexapod_leg/joint_controls.d  ./src/hexapod_leg/I2Cdev.d ./src/hexapod_leg/MPU6050.d  ./src/FilterRBF/MvAvgFilter3.d ./src/FilterRBF/MvAvgFilter3_initialize.d ./src/FilterRBF/MvAvgFilter3_terminate.d ./src/FilterRBF/RBF2Test3.d ./src/FilterRBF/mod.d ./src/FilterRBF/rtGetInf.d ./src/FilterRBF/rtGetNaN.d ./src/FilterRBF/rt_nonfinite.d ./src/FilterRBF/sum.d  Test_RBF_Wavegait.elf.size  Test_RBF_Wavegait.elf
' '
23:48:35 **** Clean-only build of project SD_Card_bsp ****
make -k clean 
make -C ps7_cortexa9_0/libsrc/coresightps_dcc_v1_4/src -s clean 
make -C ps7_cortexa9_0/libsrc/cpu_cortexa9_v2_5/src -s clean 
make -C ps7_cortexa9_0/libsrc/ddrps_v1_0/src -s clean 
make -C ps7_cortexa9_0/libsrc/devcfg_v3_5/src -s clean 
make -C ps7_cortexa9_0/libsrc/dmaps_v2_3/src -s clean 
make -C ps7_cortexa9_0/libsrc/emacps_v3_6/src -s clean 
make -C ps7_cortexa9_0/libsrc/freertos901_xilinx_v1_1/src -s clean 
make -C ps7_cortexa9_0/libsrc/gpio_v4_3/src -s clean 
make -C ps7_cortexa9_0/libsrc/gpiops_v3_3/src -s clean 
make -C ps7_cortexa9_0/libsrc/iicps_v3_5/src -s clean 
make -C ps7_cortexa9_0/libsrc/qspips_v3_4/src -s clean 
make -C ps7_cortexa9_0/libsrc/scugic_v3_8/src -s clean 
make -C ps7_cortexa9_0/libsrc/scutimer_v2_1/src -s clean 
make -C ps7_cortexa9_0/libsrc/scuwdt_v2_1/src -s clean 
make -C ps7_cortexa9_0/libsrc/sdps_v3_3/src -s clean 
make -C ps7_cortexa9_0/libsrc/ttcps_v3_5/src -s clean 
make -C ps7_cortexa9_0/libsrc/uartps_v3_5/src -s clean 
make -C ps7_cortexa9_0/libsrc/usbps_v2_4/src -s clean 
make -C ps7_cortexa9_0/libsrc/xadcps_v2_2/src -s clean 
make -C ps7_cortexa9_0/libsrc/xilffs_v3_7/src -s clean 
rm -f ps7_cortexa9_0/lib/libxil.a
23:48:37 **** Build of project SD_Card_bsp ****
make -k all 
"Running Make include in ps7_cortexa9_0/libsrc/coresightps_dcc_v1_4/src"
make -C ps7_cortexa9_0/libsrc/coresightps_dcc_v1_4/src -s include  "SHELL=CMD" "COMPILER=arm-none-eabi-gcc" "ARCHIVER=arm-none-eabi-ar" "COMPILER_FLAGS=  -O2 -c" "EXTRA_COMPILER_FLAGS=-mcpu=cortex-a9 -mfpu=vfpv3 -mfloat-abi=hard -nostartfiles -Wall -Wextra"
"Running Make include in ps7_cortexa9_0/libsrc/cpu_cortexa9_v2_5/src"
make -C ps7_cortexa9_0/libsrc/cpu_cortexa9_v2_5/src -s include  "SHELL=CMD" "COMPILER=arm-none-eabi-gcc" "ARCHIVER=arm-none-eabi-ar" "COMPILER_FLAGS=  -O2 -c" "EXTRA_COMPILER_FLAGS=-mcpu=cortex-a9 -mfpu=vfpv3 -mfloat-abi=hard -nostartfiles -Wall -Wextra"
"Running Make include in ps7_cortexa9_0/libsrc/ddrps_v1_0/src"
make -C ps7_cortexa9_0/libsrc/ddrps_v1_0/src -s include  "SHELL=CMD" "COMPILER=arm-none-eabi-gcc" "ARCHIVER=arm-none-eabi-ar" "COMPILER_FLAGS=  -O2 -c" "EXTRA_COMPILER_FLAGS=-mcpu=cortex-a9 -mfpu=vfpv3 -mfloat-abi=hard -nostartfiles -Wall -Wextra"
"Running Make include in ps7_cortexa9_0/libsrc/devcfg_v3_5/src"
make -C ps7_cortexa9_0/libsrc/devcfg_v3_5/src -s include  "SHELL=CMD" "COMPILER=arm-none-eabi-gcc" "ARCHIVER=arm-none-eabi-ar" "COMPILER_FLAGS=  -O2 -c" "EXTRA_COMPILER_FLAGS=-mcpu=cortex-a9 -mfpu=vfpv3 -mfloat-abi=hard -nostartfiles -Wall -Wextra"
"Running Make include in ps7_cortexa9_0/libsrc/dmaps_v2_3/src"
make -C ps7_cortexa9_0/libsrc/dmaps_v2_3/src -s include  "SHELL=CMD" "COMPILER=arm-none-eabi-gcc" "ARCHIVER=arm-none-eabi-ar" "COMPILER_FLAGS=  -O2 -c" "EXTRA_COMPILER_FLAGS=-mcpu=cortex-a9 -mfpu=vfpv3 -mfloat-abi=hard -nostartfiles -Wall -Wextra"
"Running Make include in ps7_cortexa9_0/libsrc/emacps_v3_6/src"
make -C ps7_cortexa9_0/libsrc/emacps_v3_6/src -s include  "SHELL=CMD" "COMPILER=arm-none-eabi-gcc" "ARCHIVER=arm-none-eabi-ar" "COMPILER_FLAGS=  -O2 -c" "EXTRA_COMPILER_FLAGS=-mcpu=cortex-a9 -mfpu=vfpv3 -mfloat-abi=hard -nostartfiles -Wall -Wextra"
"Running Make include in ps7_cortexa9_0/libsrc/freertos901_xilinx_v1_1/src"
make -C ps7_cortexa9_0/libsrc/freertos901_xilinx_v1_1/src -s include  "SHELL=CMD" "COMPILER=arm-none-eabi-gcc" "ARCHIVER=arm-none-eabi-ar" "COMPILER_FLAGS=  -O2 -c" "EXTRA_COMPILER_FLAGS=-mcpu=cortex-a9 -mfpu=vfpv3 -mfloat-abi=hard -nostartfiles -Wall -Wextra"
"include"
"Running Make include in ps7_cortexa9_0/libsrc/gpio_v4_3/src"
make -C ps7_cortexa9_0/libsrc/gpio_v4_3/src -s include  "SHELL=CMD" "COMPILER=arm-none-eabi-gcc" "ARCHIVER=arm-none-eabi-ar" "COMPILER_FLAGS=  -O2 -c" "EXTRA_COMPILER_FLAGS=-mcpu=cortex-a9 -mfpu=vfpv3 -mfloat-abi=hard -nostartfiles -Wall -Wextra"
"Running Make include in ps7_cortexa9_0/libsrc/gpiops_v3_3/src"
make -C ps7_cortexa9_0/libsrc/gpiops_v3_3/src -s include  "SHELL=CMD" "COMPILER=arm-none-eabi-gcc" "ARCHIVER=arm-none-eabi-ar" "COMPILER_FLAGS=  -O2 -c" "EXTRA_COMPILER_FLAGS=-mcpu=cortex-a9 -mfpu=vfpv3 -mfloat-abi=hard -nostartfiles -Wall -Wextra"
"Running Make include in ps7_cortexa9_0/libsrc/iicps_v3_5/src"
make -C ps7_cortexa9_0/libsrc/iicps_v3_5/src -s include  "SHELL=CMD" "COMPILER=arm-none-eabi-gcc" "ARCHIVER=arm-none-eabi-ar" "COMPILER_FLAGS=  -O2 -c" "EXTRA_COMPILER_FLAGS=-mcpu=cortex-a9 -mfpu=vfpv3 -mfloat-abi=hard -nostartfiles -Wall -Wextra"
"Running Make include in ps7_cortexa9_0/libsrc/qspips_v3_4/src"
make -C ps7_cortexa9_0/libsrc/qspips_v3_4/src -s include  "SHELL=CMD" "COMPILER=arm-none-eabi-gcc" "ARCHIVER=arm-none-eabi-ar" "COMPILER_FLAGS=  -O2 -c" "EXTRA_COMPILER_FLAGS=-mcpu=cortex-a9 -mfpu=vfpv3 -mfloat-abi=hard -nostartfiles -Wall -Wextra"
"Running Make include in ps7_cortexa9_0/libsrc/scugic_v3_8/src"
make -C ps7_cortexa9_0/libsrc/scugic_v3_8/src -s include  "SHELL=CMD" "COMPILER=arm-none-eabi-gcc" "ARCHIVER=arm-none-eabi-ar" "COMPILER_FLAGS=  -O2 -c" "EXTRA_COMPILER_FLAGS=-mcpu=cortex-a9 -mfpu=vfpv3 -mfloat-abi=hard -nostartfiles -Wall -Wextra"
"Running Make include in ps7_cortexa9_0/libsrc/scutimer_v2_1/src"
make -C ps7_cortexa9_0/libsrc/scutimer_v2_1/src -s include  "SHELL=CMD" "COMPILER=arm-none-eabi-gcc" "ARCHIVER=arm-none-eabi-ar" "COMPILER_FLAGS=  -O2 -c" "EXTRA_COMPILER_FLAGS=-mcpu=cortex-a9 -mfpu=vfpv3 -mfloat-abi=hard -nostartfiles -Wall -Wextra"
"Running Make include in ps7_cortexa9_0/libsrc/scuwdt_v2_1/src"
make -C ps7_cortexa9_0/libsrc/scuwdt_v2_1/src -s include  "SHELL=CMD" "COMPILER=arm-none-eabi-gcc" "ARCHIVER=arm-none-eabi-ar" "COMPILER_FLAGS=  -O2 -c" "EXTRA_COMPILER_FLAGS=-mcpu=cortex-a9 -mfpu=vfpv3 -mfloat-abi=hard -nostartfiles -Wall -Wextra"
"Running Make include in ps7_cortexa9_0/libsrc/sdps_v3_3/src"
make -C ps7_cortexa9_0/libsrc/sdps_v3_3/src -s include  "SHELL=CMD" "COMPILER=arm-none-eabi-gcc" "ARCHIVER=arm-none-eabi-ar" "COMPILER_FLAGS=  -O2 -c" "EXTRA_COMPILER_FLAGS=-mcpu=cortex-a9 -mfpu=vfpv3 -mfloat-abi=hard -nostartfiles -Wall -Wextra"
"Running Make include in ps7_cortexa9_0/libsrc/ttcps_v3_5/src"
make -C ps7_cortexa9_0/libsrc/ttcps_v3_5/src -s include  "SHELL=CMD" "COMPILER=arm-none-eabi-gcc" "ARCHIVER=arm-none-eabi-ar" "COMPILER_FLAGS=  -O2 -c" "EXTRA_COMPILER_FLAGS=-mcpu=cortex-a9 -mfpu=vfpv3 -mfloat-abi=hard -nostartfiles -Wall -Wextra"
"Running Make include in ps7_cortexa9_0/libsrc/uartps_v3_5/src"
make -C ps7_cortexa9_0/libsrc/uartps_v3_5/src -s include  "SHELL=CMD" "COMPILER=arm-none-eabi-gcc" "ARCHIVER=arm-none-eabi-ar" "COMPILER_FLAGS=  -O2 -c" "EXTRA_COMPILER_FLAGS=-mcpu=cortex-a9 -mfpu=vfpv3 -mfloat-abi=hard -nostartfiles -Wall -Wextra"
"Running Make include in ps7_cortexa9_0/libsrc/usbps_v2_4/src"
make -C ps7_cortexa9_0/libsrc/usbps_v2_4/src -s include  "SHELL=CMD" "COMPILER=arm-none-eabi-gcc" "ARCHIVER=arm-none-eabi-ar" "COMPILER_FLAGS=  -O2 -c" "EXTRA_COMPILER_FLAGS=-mcpu=cortex-a9 -mfpu=vfpv3 -mfloat-abi=hard -nostartfiles -Wall -Wextra"
"Running Make include in ps7_cortexa9_0/libsrc/xadcps_v2_2/src"
make -C ps7_cortexa9_0/libsrc/xadcps_v2_2/src -s include  "SHELL=CMD" "COMPILER=arm-none-eabi-gcc" "ARCHIVER=arm-none-eabi-ar" "COMPILER_FLAGS=  -O2 -c" "EXTRA_COMPILER_FLAGS=-mcpu=cortex-a9 -mfpu=vfpv3 -mfloat-abi=hard -nostartfiles -Wall -Wextra"
"Running Make include in ps7_cortexa9_0/libsrc/xilffs_v3_7/src"
make -C ps7_cortexa9_0/libsrc/xilffs_v3_7/src -s include  "SHELL=CMD" "COMPILER=arm-none-eabi-gcc" "ARCHIVER=arm-none-eabi-ar" "COMPILER_FLAGS=  -O2 -c" "EXTRA_COMPILER_FLAGS=-mcpu=cortex-a9 -mfpu=vfpv3 -mfloat-abi=hard -nostartfiles -Wall -Wextra"
"Running Make libs in ps7_cortexa9_0/libsrc/coresightps_dcc_v1_4/src"
make -C ps7_cortexa9_0/libsrc/coresightps_dcc_v1_4/src -s libs  "SHELL=CMD" "COMPILER=arm-none-eabi-gcc" "ARCHIVER=arm-none-eabi-ar" "COMPILER_FLAGS=  -O2 -c" "EXTRA_COMPILER_FLAGS=-mcpu=cortex-a9 -mfpu=vfpv3 -mfloat-abi=hard -nostartfiles -Wall -Wextra"
"Compiling coresightps_dcc"
arm-none-eabi-ar: creating ../../../lib/libxil.a
"Running Make libs in ps7_cortexa9_0/libsrc/cpu_cortexa9_v2_5/src"
make -C ps7_cortexa9_0/libsrc/cpu_cortexa9_v2_5/src -s libs  "SHELL=CMD" "COMPILER=arm-none-eabi-gcc" "ARCHIVER=arm-none-eabi-ar" "COMPILER_FLAGS=  -O2 -c" "EXTRA_COMPILER_FLAGS=-mcpu=cortex-a9 -mfpu=vfpv3 -mfloat-abi=hard -nostartfiles -Wall -Wextra"
"Compiling cpu_cortexa9"
"Running Make libs in ps7_cortexa9_0/libsrc/ddrps_v1_0/src"
make -C ps7_cortexa9_0/libsrc/ddrps_v1_0/src -s libs  "SHELL=CMD" "COMPILER=arm-none-eabi-gcc" "ARCHIVER=arm-none-eabi-ar" "COMPILER_FLAGS=  -O2 -c" "EXTRA_COMPILER_FLAGS=-mcpu=cortex-a9 -mfpu=vfpv3 -mfloat-abi=hard -nostartfiles -Wall -Wextra"
"Compiling ddrps"
"Running Make libs in ps7_cortexa9_0/libsrc/devcfg_v3_5/src"
make -C ps7_cortexa9_0/libsrc/devcfg_v3_5/src -s libs  "SHELL=CMD" "COMPILER=arm-none-eabi-gcc" "ARCHIVER=arm-none-eabi-ar" "COMPILER_FLAGS=  -O2 -c" "EXTRA_COMPILER_FLAGS=-mcpu=cortex-a9 -mfpu=vfpv3 -mfloat-abi=hard -nostartfiles -Wall -Wextra"
"Compiling devcfg"
"Running Make libs in ps7_cortexa9_0/libsrc/dmaps_v2_3/src"
make -C ps7_cortexa9_0/libsrc/dmaps_v2_3/src -s libs  "SHELL=CMD" "COMPILER=arm-none-eabi-gcc" "ARCHIVER=arm-none-eabi-ar" "COMPILER_FLAGS=  -O2 -c" "EXTRA_COMPILER_FLAGS=-mcpu=cortex-a9 -mfpu=vfpv3 -mfloat-abi=hard -nostartfiles -Wall -Wextra"
"Compiling dmaps"
"Running Make libs in ps7_cortexa9_0/libsrc/emacps_v3_6/src"
make -C ps7_cortexa9_0/libsrc/emacps_v3_6/src -s libs  "SHELL=CMD" "COMPILER=arm-none-eabi-gcc" "ARCHIVER=arm-none-eabi-ar" "COMPILER_FLAGS=  -O2 -c" "EXTRA_COMPILER_FLAGS=-mcpu=cortex-a9 -mfpu=vfpv3 -mfloat-abi=hard -nostartfiles -Wall -Wextra"
"Compiling emacps"
"Running Make libs in ps7_cortexa9_0/libsrc/freertos901_xilinx_v1_1/src"
make -C ps7_cortexa9_0/libsrc/freertos901_xilinx_v1_1/src -s libs  "SHELL=CMD" "COMPILER=arm-none-eabi-gcc" "ARCHIVER=arm-none-eabi-ar" "COMPILER_FLAGS=  -O2 -c" "EXTRA_COMPILER_FLAGS=-mcpu=cortex-a9 -mfpu=vfpv3 -mfloat-abi=hard -nostartfiles -Wall -Wextra"
"Compiling standalone"
"Compiling FreeRTOS"
"Running Make libs in ps7_cortexa9_0/libsrc/gpio_v4_3/src"
make -C ps7_cortexa9_0/libsrc/gpio_v4_3/src -s libs  "SHELL=CMD" "COMPILER=arm-none-eabi-gcc" "ARCHIVER=arm-none-eabi-ar" "COMPILER_FLAGS=  -O2 -c" "EXTRA_COMPILER_FLAGS=-mcpu=cortex-a9 -mfpu=vfpv3 -mfloat-abi=hard -nostartfiles -Wall -Wextra"
"Compiling gpio"
"Running Make libs in ps7_cortexa9_0/libsrc/gpiops_v3_3/src"
make -C ps7_cortexa9_0/libsrc/gpiops_v3_3/src -s libs  "SHELL=CMD" "COMPILER=arm-none-eabi-gcc" "ARCHIVER=arm-none-eabi-ar" "COMPILER_FLAGS=  -O2 -c" "EXTRA_COMPILER_FLAGS=-mcpu=cortex-a9 -mfpu=vfpv3 -mfloat-abi=hard -nostartfiles -Wall -Wextra"
"Compiling gpiops"
"Running Make libs in ps7_cortexa9_0/libsrc/iicps_v3_5/src"
make -C ps7_cortexa9_0/libsrc/iicps_v3_5/src -s libs  "SHELL=CMD" "COMPILER=arm-none-eabi-gcc" "ARCHIVER=arm-none-eabi-ar" "COMPILER_FLAGS=  -O2 -c" "EXTRA_COMPILER_FLAGS=-mcpu=cortex-a9 -mfpu=vfpv3 -mfloat-abi=hard -nostartfiles -Wall -Wextra"
"Compiling iicps"
"Running Make libs in ps7_cortexa9_0/libsrc/qspips_v3_4/src"
make -C ps7_cortexa9_0/libsrc/qspips_v3_4/src -s libs  "SHELL=CMD" "COMPILER=arm-none-eabi-gcc" "ARCHIVER=arm-none-eabi-ar" "COMPILER_FLAGS=  -O2 -c" "EXTRA_COMPILER_FLAGS=-mcpu=cortex-a9 -mfpu=vfpv3 -mfloat-abi=hard -nostartfiles -Wall -Wextra"
"Compiling qspips"
"Running Make libs in ps7_cortexa9_0/libsrc/scugic_v3_8/src"
make -C ps7_cortexa9_0/libsrc/scugic_v3_8/src -s libs  "SHELL=CMD" "COMPILER=arm-none-eabi-gcc" "ARCHIVER=arm-none-eabi-ar" "COMPILER_FLAGS=  -O2 -c" "EXTRA_COMPILER_FLAGS=-mcpu=cortex-a9 -mfpu=vfpv3 -mfloat-abi=hard -nostartfiles -Wall -Wextra"
"Compiling scugic"
"Running Make libs in ps7_cortexa9_0/libsrc/scutimer_v2_1/src"
make -C ps7_cortexa9_0/libsrc/scutimer_v2_1/src -s libs  "SHELL=CMD" "COMPILER=arm-none-eabi-gcc" "ARCHIVER=arm-none-eabi-ar" "COMPILER_FLAGS=  -O2 -c" "EXTRA_COMPILER_FLAGS=-mcpu=cortex-a9 -mfpu=vfpv3 -mfloat-abi=hard -nostartfiles -Wall -Wextra"
"Compiling scutimer"
"Running Make libs in ps7_cortexa9_0/libsrc/scuwdt_v2_1/src"
make -C ps7_cortexa9_0/libsrc/scuwdt_v2_1/src -s libs  "SHELL=CMD" "COMPILER=arm-none-eabi-gcc" "ARCHIVER=arm-none-eabi-ar" "COMPILER_FLAGS=  -O2 -c" "EXTRA_COMPILER_FLAGS=-mcpu=cortex-a9 -mfpu=vfpv3 -mfloat-abi=hard -nostartfiles -Wall -Wextra"
"Compiling scuwdt"
"Running Make libs in ps7_cortexa9_0/libsrc/sdps_v3_3/src"
make -C ps7_cortexa9_0/libsrc/sdps_v3_3/src -s libs  "SHELL=CMD" "COMPILER=arm-none-eabi-gcc" "ARCHIVER=arm-none-eabi-ar" "COMPILER_FLAGS=  -O2 -c" "EXTRA_COMPILER_FLAGS=-mcpu=cortex-a9 -mfpu=vfpv3 -mfloat-abi=hard -nostartfiles -Wall -Wextra"
"Compiling sdps"
"Running Make libs in ps7_cortexa9_0/libsrc/ttcps_v3_5/src"
make -C ps7_cortexa9_0/libsrc/ttcps_v3_5/src -s libs  "SHELL=CMD" "COMPILER=arm-none-eabi-gcc" "ARCHIVER=arm-none-eabi-ar" "COMPILER_FLAGS=  -O2 -c" "EXTRA_COMPILER_FLAGS=-mcpu=cortex-a9 -mfpu=vfpv3 -mfloat-abi=hard -nostartfiles -Wall -Wextra"
"Compiling ttcps"
"Running Make libs in ps7_cortexa9_0/libsrc/uartps_v3_5/src"
make -C ps7_cortexa9_0/libsrc/uartps_v3_5/src -s libs  "SHELL=CMD" "COMPILER=arm-none-eabi-gcc" "ARCHIVER=arm-none-eabi-ar" "COMPILER_FLAGS=  -O2 -c" "EXTRA_COMPILER_FLAGS=-mcpu=cortex-a9 -mfpu=vfpv3 -mfloat-abi=hard -nostartfiles -Wall -Wextra"
"Compiling uartps"
"Running Make libs in ps7_cortexa9_0/libsrc/usbps_v2_4/src"
make -C ps7_cortexa9_0/libsrc/usbps_v2_4/src -s libs  "SHELL=CMD" "COMPILER=arm-none-eabi-gcc" "ARCHIVER=arm-none-eabi-ar" "COMPILER_FLAGS=  -O2 -c" "EXTRA_COMPILER_FLAGS=-mcpu=cortex-a9 -mfpu=vfpv3 -mfloat-abi=hard -nostartfiles -Wall -Wextra"
"Compiling usbps"
"Running Make libs in ps7_cortexa9_0/libsrc/xadcps_v2_2/src"
make -C ps7_cortexa9_0/libsrc/xadcps_v2_2/src -s libs  "SHELL=CMD" "COMPILER=arm-none-eabi-gcc" "ARCHIVER=arm-none-eabi-ar" "COMPILER_FLAGS=  -O2 -c" "EXTRA_COMPILER_FLAGS=-mcpu=cortex-a9 -mfpu=vfpv3 -mfloat-abi=hard -nostartfiles -Wall -Wextra"
"Compiling xadcps"
"Running Make libs in ps7_cortexa9_0/libsrc/xilffs_v3_7/src"
make -C ps7_cortexa9_0/libsrc/xilffs_v3_7/src -s libs  "SHELL=CMD" "COMPILER=arm-none-eabi-gcc" "ARCHIVER=arm-none-eabi-ar" "COMPILER_FLAGS=  -O2 -c" "EXTRA_COMPILER_FLAGS=-mcpu=cortex-a9 -mfpu=vfpv3 -mfloat-abi=hard -nostartfiles -Wall -Wextra"
"Compiling XilFFs Library"
diskio.c:135:11: warning: 'ExtCsd' defined but not used [-Wunused-variable]
 static u8 ExtCsd[512] __attribute__ ((aligned(32)));
           ^~~~~~
ff.c: In function 'find_volume':
ff.c:2610:4: warning: dereferencing type-punned pointer will break strict-aliasing rules [-Wstrict-aliasing]
    && (LD_DWORD(fs->win+FSI_LeadSig) == 0x41615252U)
    ^~
'Finished building libraries'
23:49:14 **** Auto Build of configuration Debug for project SD_Card ****
make pre-build main-build 
a9-linaro-pre-build-step
' '
'Building file: ../src/hexapod_leg/I2Cdev.cpp'
'Invoking: ARM v7 g++ compiler'
arm-none-eabi-g++ -Wall -O0 -g3 -I"C:\Users\Frien\PraticewithI2C_Inter\PraticewithI2C_Inter.sdk\SD_Card\include" -c -fmessage-length=0 -MT"src/hexapod_leg/I2Cdev.o" -mcpu=cortex-a9 -mfpu=vfpv3 -mfloat-abi=hard -I../../SD_Card_bsp/ps7_cortexa9_0/include -MMD -MP -MF"src/hexapod_leg/I2Cdev.d" -MT"src/hexapod_leg/I2Cdev.o" -o "src/hexapod_leg/I2Cdev.o" "../src/hexapod_leg/I2Cdev.cpp"
'Finished building: ../src/hexapod_leg/I2Cdev.cpp'
' '
'Building file: ../src/hexapod_leg/MPU6050.cpp'
'Invoking: ARM v7 g++ compiler'
arm-none-eabi-g++ -Wall -O0 -g3 -I"C:\Users\Frien\PraticewithI2C_Inter\PraticewithI2C_Inter.sdk\SD_Card\include" -c -fmessage-length=0 -MT"src/hexapod_leg/MPU6050.o" -mcpu=cortex-a9 -mfpu=vfpv3 -mfloat-abi=hard -I../../SD_Card_bsp/ps7_cortexa9_0/include -MMD -MP -MF"src/hexapod_leg/MPU6050.d" -MT"src/hexapod_leg/MPU6050.o" -o "src/hexapod_leg/MPU6050.o" "../src/hexapod_leg/MPU6050.cpp"
'Finished building: ../src/hexapod_leg/MPU6050.cpp'
' '
'Building file: ../src/hexapod_leg/comm.c'
'Invoking: ARM v7 g++ compiler'
arm-none-eabi-g++ -Wall -O0 -g3 -I"C:\Users\Frien\PraticewithI2C_Inter\PraticewithI2C_Inter.sdk\SD_Card\include" -c -fmessage-length=0 -MT"src/hexapod_leg/comm.o" -mcpu=cortex-a9 -mfpu=vfpv3 -mfloat-abi=hard -I../../SD_Card_bsp/ps7_cortexa9_0/include -MMD -MP -MF"src/hexapod_leg/comm.d" -MT"src/hexapod_leg/comm.o" -o "src/hexapod_leg/comm.o" "../src/hexapod_leg/comm.c"
'Finished building: ../src/hexapod_leg/comm.c'
' '
'Building file: ../src/hexapod_leg/i2c.c'
'Invoking: ARM v7 g++ compiler'
arm-none-eabi-g++ -Wall -O0 -g3 -I"C:\Users\Frien\PraticewithI2C_Inter\PraticewithI2C_Inter.sdk\SD_Card\include" -c -fmessage-length=0 -MT"src/hexapod_leg/i2c.o" -mcpu=cortex-a9 -mfpu=vfpv3 -mfloat-abi=hard -I../../SD_Card_bsp/ps7_cortexa9_0/include -MMD -MP -MF"src/hexapod_leg/i2c.d" -MT"src/hexapod_leg/i2c.o" -o "src/hexapod_leg/i2c.o" "../src/hexapod_leg/i2c.c"
'Finished building: ../src/hexapod_leg/i2c.c'
' '
'Building file: ../src/hexapod_leg/imu.cc'
'Invoking: ARM v7 g++ compiler'
arm-none-eabi-g++ -Wall -O0 -g3 -I"C:\Users\Frien\PraticewithI2C_Inter\PraticewithI2C_Inter.sdk\SD_Card\include" -c -fmessage-length=0 -MT"src/hexapod_leg/imu.o" -mcpu=cortex-a9 -mfpu=vfpv3 -mfloat-abi=hard -I../../SD_Card_bsp/ps7_cortexa9_0/include -MMD -MP -MF"src/hexapod_leg/imu.d" -MT"src/hexapod_leg/imu.o" -o "src/hexapod_leg/imu.o" "../src/hexapod_leg/imu.cc"
'Finished building: ../src/hexapod_leg/imu.cc'
' '
'Building file: ../src/hexapod_leg/interrupt.c'
'Invoking: ARM v7 g++ compiler'
arm-none-eabi-g++ -Wall -O0 -g3 -I"C:\Users\Frien\PraticewithI2C_Inter\PraticewithI2C_Inter.sdk\SD_Card\include" -c -fmessage-length=0 -MT"src/hexapod_leg/interrupt.o" -mcpu=cortex-a9 -mfpu=vfpv3 -mfloat-abi=hard -I../../SD_Card_bsp/ps7_cortexa9_0/include -MMD -MP -MF"src/hexapod_leg/interrupt.d" -MT"src/hexapod_leg/interrupt.o" -o "src/hexapod_leg/interrupt.o" "../src/hexapod_leg/interrupt.c"
'Finished building: ../src/hexapod_leg/interrupt.c'
' '
'Building file: ../src/hexapod_leg/joint_controls.c'
'Invoking: ARM v7 g++ compiler'
arm-none-eabi-g++ -Wall -O0 -g3 -I"C:\Users\Frien\PraticewithI2C_Inter\PraticewithI2C_Inter.sdk\SD_Card\include" -c -fmessage-length=0 -MT"src/hexapod_leg/joint_controls.o" -mcpu=cortex-a9 -mfpu=vfpv3 -mfloat-abi=hard -I../../SD_Card_bsp/ps7_cortexa9_0/include -MMD -MP -MF"src/hexapod_leg/joint_controls.d" -MT"src/hexapod_leg/joint_controls.o" -o "src/hexapod_leg/joint_controls.o" "../src/hexapod_leg/joint_controls.c"
'Finished building: ../src/hexapod_leg/joint_controls.c'
' '
'Building file: ../src/hexapod_leg/leg.cc'
'Invoking: ARM v7 g++ compiler'
arm-none-eabi-g++ -Wall -O0 -g3 -I"C:\Users\Frien\PraticewithI2C_Inter\PraticewithI2C_Inter.sdk\SD_Card\include" -c -fmessage-length=0 -MT"src/hexapod_leg/leg.o" -mcpu=cortex-a9 -mfpu=vfpv3 -mfloat-abi=hard -I../../SD_Card_bsp/ps7_cortexa9_0/include -MMD -MP -MF"src/hexapod_leg/leg.d" -MT"src/hexapod_leg/leg.o" -o "src/hexapod_leg/leg.o" "../src/hexapod_leg/leg.cc"
'Finished building: ../src/hexapod_leg/leg.cc'
' '
'Building file: ../src/main.cc'
'Invoking: ARM v7 g++ compiler'
arm-none-eabi-g++ -Wall -O0 -g3 -I"C:\Users\Frien\PraticewithI2C_Inter\PraticewithI2C_Inter.sdk\SD_Card\include" -c -fmessage-length=0 -MT"src/main.o" -mcpu=cortex-a9 -mfpu=vfpv3 -mfloat-abi=hard -I../../SD_Card_bsp/ps7_cortexa9_0/include -MMD -MP -MF"src/main.d" -MT"src/main.o" -o "src/main.o" "../src/main.cc"
../src/main.cc:40:14: warning: ISO C++ forbids converting a string constant to 'char*' [-Wwrite-strings]
 char *Path = "0:/";  //  string pointer to the logical drive number
              ^~~~~
../src/main.cc: In function 'int Save2SD()':
../src/main.cc:187:1: warning: control reaches end of non-void function [-Wreturn-type]
 }
 ^
'Finished building: ../src/main.cc'
' '
'Building target: SD_Card.elf'
'Invoking: ARM v7 g++ linker'
arm-none-eabi-g++ -mcpu=cortex-a9 -mfpu=vfpv3 -mfloat-abi=hard -Wl,-build-id=none -specs=Xilinx.spec -Wl,-T -Wl,../src/lscript.ld -L../../SD_Card_bsp/ps7_cortexa9_0/lib -o "SD_Card.elf"  ./src/hexapod_leg/I2Cdev.o ./src/hexapod_leg/MPU6050.o ./src/hexapod_leg/comm.o ./src/hexapod_leg/i2c.o ./src/hexapod_leg/imu.o ./src/hexapod_leg/interrupt.o ./src/hexapod_leg/joint_controls.o ./src/hexapod_leg/leg.o  ./src/main.o   -lm -Wl,--start-group,-lxil,-lfreertos,-lgcc,-lc,-lstdc++,--end-group -Wl,--start-group,-lxilffs,-lxil,-lgcc,-lc,--end-group
'Finished building target: SD_Card.elf'
' '
'Invoking: ARM v7 Print Size'
arm-none-eabi-size SD_Card.elf  |tee "SD_Card.elf.size"
   text	   data	    bss	    dec	    hex	filename
 203064	   4496	  92928	 300488	  495c8	SD_Card.elf
'Finished building: SD_Card.elf.size'
' '
23:49:19 **** Auto Build of configuration Debug for project Test_RBF ****
make pre-build main-build 
a9-linaro-pre-build-step
' '
'Building file: ../src/hexapod_leg/I2Cdev.cpp'
'Invoking: ARM v7 g++ compiler'
arm-none-eabi-g++ -Wall -O0 -g3 -I"C:\Users\Frien\PraticewithI2C_Inter\PraticewithI2C_Inter.sdk\Test_RBF\include" -c -fmessage-length=0 -MT"src/hexapod_leg/I2Cdev.o" -mcpu=cortex-a9 -mfpu=vfpv3 -mfloat-abi=hard -I../../SD_Card_bsp/ps7_cortexa9_0/include -MMD -MP -MF"src/hexapod_leg/I2Cdev.d" -MT"src/hexapod_leg/I2Cdev.o" -o "src/hexapod_leg/I2Cdev.o" "../src/hexapod_leg/I2Cdev.cpp"
'Finished building: ../src/hexapod_leg/I2Cdev.cpp'
' '
'Building file: ../src/hexapod_leg/MPU6050.cpp'
'Invoking: ARM v7 g++ compiler'
arm-none-eabi-g++ -Wall -O0 -g3 -I"C:\Users\Frien\PraticewithI2C_Inter\PraticewithI2C_Inter.sdk\Test_RBF\include" -c -fmessage-length=0 -MT"src/hexapod_leg/MPU6050.o" -mcpu=cortex-a9 -mfpu=vfpv3 -mfloat-abi=hard -I../../SD_Card_bsp/ps7_cortexa9_0/include -MMD -MP -MF"src/hexapod_leg/MPU6050.d" -MT"src/hexapod_leg/MPU6050.o" -o "src/hexapod_leg/MPU6050.o" "../src/hexapod_leg/MPU6050.cpp"
'Finished building: ../src/hexapod_leg/MPU6050.cpp'
' '
'Building file: ../src/hexapod_leg/comm.c'
'Invoking: ARM v7 g++ compiler'
arm-none-eabi-g++ -Wall -O0 -g3 -I"C:\Users\Frien\PraticewithI2C_Inter\PraticewithI2C_Inter.sdk\Test_RBF\include" -c -fmessage-length=0 -MT"src/hexapod_leg/comm.o" -mcpu=cortex-a9 -mfpu=vfpv3 -mfloat-abi=hard -I../../SD_Card_bsp/ps7_cortexa9_0/include -MMD -MP -MF"src/hexapod_leg/comm.d" -MT"src/hexapod_leg/comm.o" -o "src/hexapod_leg/comm.o" "../src/hexapod_leg/comm.c"
'Finished building: ../src/hexapod_leg/comm.c'
' '
'Building file: ../src/hexapod_leg/i2c.c'
'Invoking: ARM v7 g++ compiler'
arm-none-eabi-g++ -Wall -O0 -g3 -I"C:\Users\Frien\PraticewithI2C_Inter\PraticewithI2C_Inter.sdk\Test_RBF\include" -c -fmessage-length=0 -MT"src/hexapod_leg/i2c.o" -mcpu=cortex-a9 -mfpu=vfpv3 -mfloat-abi=hard -I../../SD_Card_bsp/ps7_cortexa9_0/include -MMD -MP -MF"src/hexapod_leg/i2c.d" -MT"src/hexapod_leg/i2c.o" -o "src/hexapod_leg/i2c.o" "../src/hexapod_leg/i2c.c"
'Finished building: ../src/hexapod_leg/i2c.c'
' '
'Building file: ../src/hexapod_leg/imu.cc'
'Invoking: ARM v7 g++ compiler'
arm-none-eabi-g++ -Wall -O0 -g3 -I"C:\Users\Frien\PraticewithI2C_Inter\PraticewithI2C_Inter.sdk\Test_RBF\include" -c -fmessage-length=0 -MT"src/hexapod_leg/imu.o" -mcpu=cortex-a9 -mfpu=vfpv3 -mfloat-abi=hard -I../../SD_Card_bsp/ps7_cortexa9_0/include -MMD -MP -MF"src/hexapod_leg/imu.d" -MT"src/hexapod_leg/imu.o" -o "src/hexapod_leg/imu.o" "../src/hexapod_leg/imu.cc"
'Finished building: ../src/hexapod_leg/imu.cc'
' '
'Building file: ../src/hexapod_leg/interrupt.c'
'Invoking: ARM v7 g++ compiler'
arm-none-eabi-g++ -Wall -O0 -g3 -I"C:\Users\Frien\PraticewithI2C_Inter\PraticewithI2C_Inter.sdk\Test_RBF\include" -c -fmessage-length=0 -MT"src/hexapod_leg/interrupt.o" -mcpu=cortex-a9 -mfpu=vfpv3 -mfloat-abi=hard -I../../SD_Card_bsp/ps7_cortexa9_0/include -MMD -MP -MF"src/hexapod_leg/interrupt.d" -MT"src/hexapod_leg/interrupt.o" -o "src/hexapod_leg/interrupt.o" "../src/hexapod_leg/interrupt.c"
'Finished building: ../src/hexapod_leg/interrupt.c'
' '
'Building file: ../src/hexapod_leg/joint_controls.c'
'Invoking: ARM v7 g++ compiler'
arm-none-eabi-g++ -Wall -O0 -g3 -I"C:\Users\Frien\PraticewithI2C_Inter\PraticewithI2C_Inter.sdk\Test_RBF\include" -c -fmessage-length=0 -MT"src/hexapod_leg/joint_controls.o" -mcpu=cortex-a9 -mfpu=vfpv3 -mfloat-abi=hard -I../../SD_Card_bsp/ps7_cortexa9_0/include -MMD -MP -MF"src/hexapod_leg/joint_controls.d" -MT"src/hexapod_leg/joint_controls.o" -o "src/hexapod_leg/joint_controls.o" "../src/hexapod_leg/joint_controls.c"
'Finished building: ../src/hexapod_leg/joint_controls.c'
' '
'Building file: ../src/hexapod_leg/leg.cc'
'Invoking: ARM v7 g++ compiler'
arm-none-eabi-g++ -Wall -O0 -g3 -I"C:\Users\Frien\PraticewithI2C_Inter\PraticewithI2C_Inter.sdk\Test_RBF\include" -c -fmessage-length=0 -MT"src/hexapod_leg/leg.o" -mcpu=cortex-a9 -mfpu=vfpv3 -mfloat-abi=hard -I../../SD_Card_bsp/ps7_cortexa9_0/include -MMD -MP -MF"src/hexapod_leg/leg.d" -MT"src/hexapod_leg/leg.o" -o "src/hexapod_leg/leg.o" "../src/hexapod_leg/leg.cc"
'Finished building: ../src/hexapod_leg/leg.cc'
' '
'Building file: ../src/main.cc'
'Invoking: ARM v7 g++ compiler'
arm-none-eabi-g++ -Wall -O0 -g3 -I"C:\Users\Frien\PraticewithI2C_Inter\PraticewithI2C_Inter.sdk\Test_RBF\include" -c -fmessage-length=0 -MT"src/main.o" -mcpu=cortex-a9 -mfpu=vfpv3 -mfloat-abi=hard -I../../SD_Card_bsp/ps7_cortexa9_0/include -MMD -MP -MF"src/main.d" -MT"src/main.o" -o "src/main.o" "../src/main.cc"
../src/main.cc:46:14: warning: ISO C++ forbids converting a string constant to 'char*' [-Wwrite-strings]
 char *Path = "0:/";  //  string pointer to the logical drive number
              ^~~~~
../src/main.cc: In function 'int Save2SD()':
../src/main.cc:202:1: warning: control reaches end of non-void function [-Wreturn-type]
 }
 ^
'Finished building: ../src/main.cc'
' '
'Building target: Test_RBF.elf'
'Invoking: ARM v7 g++ linker'
arm-none-eabi-g++ -mcpu=cortex-a9 -mfpu=vfpv3 -mfloat-abi=hard -Wl,-build-id=none -specs=Xilinx.spec -Wl,-T -Wl,../src/lscript.ld -L../../SD_Card_bsp/ps7_cortexa9_0/lib -o "Test_RBF.elf"  ./src/hexapod_leg/I2Cdev.o ./src/hexapod_leg/MPU6050.o ./src/hexapod_leg/comm.o ./src/hexapod_leg/i2c.o ./src/hexapod_leg/imu.o ./src/hexapod_leg/interrupt.o ./src/hexapod_leg/joint_controls.o ./src/hexapod_leg/leg.o  ./src/FilterRBF/MvAvgFilter.o ./src/FilterRBF/MvAvgFilter_initialize.o ./src/FilterRBF/MvAvgFilter_terminate.o ./src/FilterRBF/RBF2Test.o ./src/FilterRBF/mod.o ./src/FilterRBF/rtGetInf.o ./src/FilterRBF/rtGetNaN.o ./src/FilterRBF/rt_nonfinite.o ./src/FilterRBF/sum.o  ./src/main.o   -lm -Wl,--start-group,-lxil,-lfreertos,-lgcc,-lc,-lstdc++,--end-group -Wl,--start-group,-lxilffs,-lxil,-lgcc,-lc,--end-group
'Finished building target: Test_RBF.elf'
' '
'Invoking: ARM v7 Print Size'
arm-none-eabi-size Test_RBF.elf  |tee "Test_RBF.elf.size"
   text	   data	    bss	    dec	    hex	filename
 215896	   4520	 507712	 728128	  b1c40	Test_RBF.elf
'Finished building: Test_RBF.elf.size'
' '
23:49:25 **** Auto Build of configuration Debug for project Test_RBF_Tripod ****
make pre-build main-build 
a9-linaro-pre-build-step
' '
'Building file: ../src/hexapod_leg/I2Cdev.cpp'
'Invoking: ARM v7 g++ compiler'
arm-none-eabi-g++ -Wall -O0 -g3 -I"C:\Users\Frien\PraticewithI2C_Inter\PraticewithI2C_Inter.sdk\Test_RBF_Tripod\include" -c -fmessage-length=0 -MT"src/hexapod_leg/I2Cdev.o" -mcpu=cortex-a9 -mfpu=vfpv3 -mfloat-abi=hard -I../../SD_Card_bsp/ps7_cortexa9_0/include -MMD -MP -MF"src/hexapod_leg/I2Cdev.d" -MT"src/hexapod_leg/I2Cdev.o" -o "src/hexapod_leg/I2Cdev.o" "../src/hexapod_leg/I2Cdev.cpp"
'Finished building: ../src/hexapod_leg/I2Cdev.cpp'
' '
'Building file: ../src/hexapod_leg/MPU6050.cpp'
'Invoking: ARM v7 g++ compiler'
arm-none-eabi-g++ -Wall -O0 -g3 -I"C:\Users\Frien\PraticewithI2C_Inter\PraticewithI2C_Inter.sdk\Test_RBF_Tripod\include" -c -fmessage-length=0 -MT"src/hexapod_leg/MPU6050.o" -mcpu=cortex-a9 -mfpu=vfpv3 -mfloat-abi=hard -I../../SD_Card_bsp/ps7_cortexa9_0/include -MMD -MP -MF"src/hexapod_leg/MPU6050.d" -MT"src/hexapod_leg/MPU6050.o" -o "src/hexapod_leg/MPU6050.o" "../src/hexapod_leg/MPU6050.cpp"
'Finished building: ../src/hexapod_leg/MPU6050.cpp'
' '
'Building file: ../src/hexapod_leg/comm.c'
'Invoking: ARM v7 g++ compiler'
arm-none-eabi-g++ -Wall -O0 -g3 -I"C:\Users\Frien\PraticewithI2C_Inter\PraticewithI2C_Inter.sdk\Test_RBF_Tripod\include" -c -fmessage-length=0 -MT"src/hexapod_leg/comm.o" -mcpu=cortex-a9 -mfpu=vfpv3 -mfloat-abi=hard -I../../SD_Card_bsp/ps7_cortexa9_0/include -MMD -MP -MF"src/hexapod_leg/comm.d" -MT"src/hexapod_leg/comm.o" -o "src/hexapod_leg/comm.o" "../src/hexapod_leg/comm.c"
'Finished building: ../src/hexapod_leg/comm.c'
' '
'Building file: ../src/hexapod_leg/i2c.c'
'Invoking: ARM v7 g++ compiler'
arm-none-eabi-g++ -Wall -O0 -g3 -I"C:\Users\Frien\PraticewithI2C_Inter\PraticewithI2C_Inter.sdk\Test_RBF_Tripod\include" -c -fmessage-length=0 -MT"src/hexapod_leg/i2c.o" -mcpu=cortex-a9 -mfpu=vfpv3 -mfloat-abi=hard -I../../SD_Card_bsp/ps7_cortexa9_0/include -MMD -MP -MF"src/hexapod_leg/i2c.d" -MT"src/hexapod_leg/i2c.o" -o "src/hexapod_leg/i2c.o" "../src/hexapod_leg/i2c.c"
'Finished building: ../src/hexapod_leg/i2c.c'
' '
'Building file: ../src/hexapod_leg/imu.cc'
'Invoking: ARM v7 g++ compiler'
arm-none-eabi-g++ -Wall -O0 -g3 -I"C:\Users\Frien\PraticewithI2C_Inter\PraticewithI2C_Inter.sdk\Test_RBF_Tripod\include" -c -fmessage-length=0 -MT"src/hexapod_leg/imu.o" -mcpu=cortex-a9 -mfpu=vfpv3 -mfloat-abi=hard -I../../SD_Card_bsp/ps7_cortexa9_0/include -MMD -MP -MF"src/hexapod_leg/imu.d" -MT"src/hexapod_leg/imu.o" -o "src/hexapod_leg/imu.o" "../src/hexapod_leg/imu.cc"
'Finished building: ../src/hexapod_leg/imu.cc'
' '
'Building file: ../src/hexapod_leg/interrupt.c'
'Invoking: ARM v7 g++ compiler'
arm-none-eabi-g++ -Wall -O0 -g3 -I"C:\Users\Frien\PraticewithI2C_Inter\PraticewithI2C_Inter.sdk\Test_RBF_Tripod\include" -c -fmessage-length=0 -MT"src/hexapod_leg/interrupt.o" -mcpu=cortex-a9 -mfpu=vfpv3 -mfloat-abi=hard -I../../SD_Card_bsp/ps7_cortexa9_0/include -MMD -MP -MF"src/hexapod_leg/interrupt.d" -MT"src/hexapod_leg/interrupt.o" -o "src/hexapod_leg/interrupt.o" "../src/hexapod_leg/interrupt.c"
'Finished building: ../src/hexapod_leg/interrupt.c'
' '
'Building file: ../src/hexapod_leg/joint_controls.c'
'Invoking: ARM v7 g++ compiler'
arm-none-eabi-g++ -Wall -O0 -g3 -I"C:\Users\Frien\PraticewithI2C_Inter\PraticewithI2C_Inter.sdk\Test_RBF_Tripod\include" -c -fmessage-length=0 -MT"src/hexapod_leg/joint_controls.o" -mcpu=cortex-a9 -mfpu=vfpv3 -mfloat-abi=hard -I../../SD_Card_bsp/ps7_cortexa9_0/include -MMD -MP -MF"src/hexapod_leg/joint_controls.d" -MT"src/hexapod_leg/joint_controls.o" -o "src/hexapod_leg/joint_controls.o" "../src/hexapod_leg/joint_controls.c"
'Finished building: ../src/hexapod_leg/joint_controls.c'
' '
'Building file: ../src/hexapod_leg/leg.cc'
'Invoking: ARM v7 g++ compiler'
arm-none-eabi-g++ -Wall -O0 -g3 -I"C:\Users\Frien\PraticewithI2C_Inter\PraticewithI2C_Inter.sdk\Test_RBF_Tripod\include" -c -fmessage-length=0 -MT"src/hexapod_leg/leg.o" -mcpu=cortex-a9 -mfpu=vfpv3 -mfloat-abi=hard -I../../SD_Card_bsp/ps7_cortexa9_0/include -MMD -MP -MF"src/hexapod_leg/leg.d" -MT"src/hexapod_leg/leg.o" -o "src/hexapod_leg/leg.o" "../src/hexapod_leg/leg.cc"
'Finished building: ../src/hexapod_leg/leg.cc'
' '
'Building file: ../src/main.cc'
'Invoking: ARM v7 g++ compiler'
arm-none-eabi-g++ -Wall -O0 -g3 -I"C:\Users\Frien\PraticewithI2C_Inter\PraticewithI2C_Inter.sdk\Test_RBF_Tripod\include" -c -fmessage-length=0 -MT"src/main.o" -mcpu=cortex-a9 -mfpu=vfpv3 -mfloat-abi=hard -I../../SD_Card_bsp/ps7_cortexa9_0/include -MMD -MP -MF"src/main.d" -MT"src/main.o" -o "src/main.o" "../src/main.cc"
../src/main.cc:46:14: warning: ISO C++ forbids converting a string constant to 'char*' [-Wwrite-strings]
 char *Path = "0:/";  //  string pointer to the logical drive number
              ^~~~~
../src/main.cc: In function 'int Save2SD()':
../src/main.cc:202:1: warning: control reaches end of non-void function [-Wreturn-type]
 }
 ^
'Finished building: ../src/main.cc'
' '
'Building target: Test_RBF_Tripod.elf'
'Invoking: ARM v7 g++ linker'
arm-none-eabi-g++ -mcpu=cortex-a9 -mfpu=vfpv3 -mfloat-abi=hard -Wl,-build-id=none -specs=Xilinx.spec -Wl,-T -Wl,../src/lscript.ld -L../../SD_Card_bsp/ps7_cortexa9_0/lib -o "Test_RBF_Tripod.elf"  ./src/hexapod_leg/I2Cdev.o ./src/hexapod_leg/MPU6050.o ./src/hexapod_leg/comm.o ./src/hexapod_leg/i2c.o ./src/hexapod_leg/imu.o ./src/hexapod_leg/interrupt.o ./src/hexapod_leg/joint_controls.o ./src/hexapod_leg/leg.o  ./src/FilterRBF/MvAvgFilter2.o ./src/FilterRBF/MvAvgFilter2_initialize.o ./src/FilterRBF/MvAvgFilter2_terminate.o ./src/FilterRBF/RBF2Test2.o ./src/FilterRBF/mod.o ./src/FilterRBF/rtGetInf.o ./src/FilterRBF/rtGetNaN.o ./src/FilterRBF/rt_nonfinite.o ./src/FilterRBF/sum.o  ./src/main.o   -lm -Wl,--start-group,-lxil,-lfreertos,-lgcc,-lc,-lstdc++,--end-group -Wl,--start-group,-lxilffs,-lxil,-lgcc,-lc,--end-group
'Finished building target: Test_RBF_Tripod.elf'
' '
'Invoking: ARM v7 Print Size'
arm-none-eabi-size Test_RBF_Tripod.elf  |tee "Test_RBF_Tripod.elf.size"
   text	   data	    bss	    dec	    hex	filename
 215960	   4520	 473152	 693632	  a9580	Test_RBF_Tripod.elf
'Finished building: Test_RBF_Tripod.elf.size'
' '
23:49:30 **** Build of configuration Debug for project Test_RBF_Wavegait ****
make pre-build main-build 
a9-linaro-pre-build-step
' '
'Building file: ../src/hexapod_leg/I2Cdev.cpp'
'Invoking: ARM v7 g++ compiler'
arm-none-eabi-g++ -Wall -O0 -g3 -I"C:\Users\Frien\PraticewithI2C_Inter\PraticewithI2C_Inter.sdk\Test_RBF_Wavegait\include" -c -fmessage-length=0 -MT"src/hexapod_leg/I2Cdev.o" -mcpu=cortex-a9 -mfpu=vfpv3 -mfloat-abi=hard -I../../SD_Card_bsp/ps7_cortexa9_0/include -MMD -MP -MF"src/hexapod_leg/I2Cdev.d" -MT"src/hexapod_leg/I2Cdev.o" -o "src/hexapod_leg/I2Cdev.o" "../src/hexapod_leg/I2Cdev.cpp"
'Finished building: ../src/hexapod_leg/I2Cdev.cpp'
' '
'Building file: ../src/hexapod_leg/MPU6050.cpp'
'Invoking: ARM v7 g++ compiler'
arm-none-eabi-g++ -Wall -O0 -g3 -I"C:\Users\Frien\PraticewithI2C_Inter\PraticewithI2C_Inter.sdk\Test_RBF_Wavegait\include" -c -fmessage-length=0 -MT"src/hexapod_leg/MPU6050.o" -mcpu=cortex-a9 -mfpu=vfpv3 -mfloat-abi=hard -I../../SD_Card_bsp/ps7_cortexa9_0/include -MMD -MP -MF"src/hexapod_leg/MPU6050.d" -MT"src/hexapod_leg/MPU6050.o" -o "src/hexapod_leg/MPU6050.o" "../src/hexapod_leg/MPU6050.cpp"
'Finished building: ../src/hexapod_leg/MPU6050.cpp'
' '
'Building file: ../src/hexapod_leg/comm.c'
'Invoking: ARM v7 g++ compiler'
arm-none-eabi-g++ -Wall -O0 -g3 -I"C:\Users\Frien\PraticewithI2C_Inter\PraticewithI2C_Inter.sdk\Test_RBF_Wavegait\include" -c -fmessage-length=0 -MT"src/hexapod_leg/comm.o" -mcpu=cortex-a9 -mfpu=vfpv3 -mfloat-abi=hard -I../../SD_Card_bsp/ps7_cortexa9_0/include -MMD -MP -MF"src/hexapod_leg/comm.d" -MT"src/hexapod_leg/comm.o" -o "src/hexapod_leg/comm.o" "../src/hexapod_leg/comm.c"
'Finished building: ../src/hexapod_leg/comm.c'
' '
'Building file: ../src/hexapod_leg/i2c.c'
'Invoking: ARM v7 g++ compiler'
arm-none-eabi-g++ -Wall -O0 -g3 -I"C:\Users\Frien\PraticewithI2C_Inter\PraticewithI2C_Inter.sdk\Test_RBF_Wavegait\include" -c -fmessage-length=0 -MT"src/hexapod_leg/i2c.o" -mcpu=cortex-a9 -mfpu=vfpv3 -mfloat-abi=hard -I../../SD_Card_bsp/ps7_cortexa9_0/include -MMD -MP -MF"src/hexapod_leg/i2c.d" -MT"src/hexapod_leg/i2c.o" -o "src/hexapod_leg/i2c.o" "../src/hexapod_leg/i2c.c"
'Finished building: ../src/hexapod_leg/i2c.c'
' '
'Building file: ../src/hexapod_leg/imu.cc'
'Invoking: ARM v7 g++ compiler'
arm-none-eabi-g++ -Wall -O0 -g3 -I"C:\Users\Frien\PraticewithI2C_Inter\PraticewithI2C_Inter.sdk\Test_RBF_Wavegait\include" -c -fmessage-length=0 -MT"src/hexapod_leg/imu.o" -mcpu=cortex-a9 -mfpu=vfpv3 -mfloat-abi=hard -I../../SD_Card_bsp/ps7_cortexa9_0/include -MMD -MP -MF"src/hexapod_leg/imu.d" -MT"src/hexapod_leg/imu.o" -o "src/hexapod_leg/imu.o" "../src/hexapod_leg/imu.cc"
'Finished building: ../src/hexapod_leg/imu.cc'
' '
'Building file: ../src/hexapod_leg/interrupt.c'
'Invoking: ARM v7 g++ compiler'
arm-none-eabi-g++ -Wall -O0 -g3 -I"C:\Users\Frien\PraticewithI2C_Inter\PraticewithI2C_Inter.sdk\Test_RBF_Wavegait\include" -c -fmessage-length=0 -MT"src/hexapod_leg/interrupt.o" -mcpu=cortex-a9 -mfpu=vfpv3 -mfloat-abi=hard -I../../SD_Card_bsp/ps7_cortexa9_0/include -MMD -MP -MF"src/hexapod_leg/interrupt.d" -MT"src/hexapod_leg/interrupt.o" -o "src/hexapod_leg/interrupt.o" "../src/hexapod_leg/interrupt.c"
'Finished building: ../src/hexapod_leg/interrupt.c'
' '
'Building file: ../src/hexapod_leg/joint_controls.c'
'Invoking: ARM v7 g++ compiler'
arm-none-eabi-g++ -Wall -O0 -g3 -I"C:\Users\Frien\PraticewithI2C_Inter\PraticewithI2C_Inter.sdk\Test_RBF_Wavegait\include" -c -fmessage-length=0 -MT"src/hexapod_leg/joint_controls.o" -mcpu=cortex-a9 -mfpu=vfpv3 -mfloat-abi=hard -I../../SD_Card_bsp/ps7_cortexa9_0/include -MMD -MP -MF"src/hexapod_leg/joint_controls.d" -MT"src/hexapod_leg/joint_controls.o" -o "src/hexapod_leg/joint_controls.o" "../src/hexapod_leg/joint_controls.c"
'Finished building: ../src/hexapod_leg/joint_controls.c'
' '
'Building file: ../src/hexapod_leg/leg.cc'
'Invoking: ARM v7 g++ compiler'
arm-none-eabi-g++ -Wall -O0 -g3 -I"C:\Users\Frien\PraticewithI2C_Inter\PraticewithI2C_Inter.sdk\Test_RBF_Wavegait\include" -c -fmessage-length=0 -MT"src/hexapod_leg/leg.o" -mcpu=cortex-a9 -mfpu=vfpv3 -mfloat-abi=hard -I../../SD_Card_bsp/ps7_cortexa9_0/include -MMD -MP -MF"src/hexapod_leg/leg.d" -MT"src/hexapod_leg/leg.o" -o "src/hexapod_leg/leg.o" "../src/hexapod_leg/leg.cc"
'Finished building: ../src/hexapod_leg/leg.cc'
' '
'Building file: ../src/FilterRBF/MvAvgFilter3.cpp'
'Invoking: ARM v7 g++ compiler'
arm-none-eabi-g++ -Wall -O0 -g3 -I"C:\Users\Frien\PraticewithI2C_Inter\PraticewithI2C_Inter.sdk\Test_RBF_Wavegait\include" -c -fmessage-length=0 -MT"src/FilterRBF/MvAvgFilter3.o" -mcpu=cortex-a9 -mfpu=vfpv3 -mfloat-abi=hard -I../../SD_Card_bsp/ps7_cortexa9_0/include -MMD -MP -MF"src/FilterRBF/MvAvgFilter3.d" -MT"src/FilterRBF/MvAvgFilter3.o" -o "src/FilterRBF/MvAvgFilter3.o" "../src/FilterRBF/MvAvgFilter3.cpp"
'Finished building: ../src/FilterRBF/MvAvgFilter3.cpp'
' '
'Building file: ../src/FilterRBF/MvAvgFilter3_initialize.cpp'
'Invoking: ARM v7 g++ compiler'
arm-none-eabi-g++ -Wall -O0 -g3 -I"C:\Users\Frien\PraticewithI2C_Inter\PraticewithI2C_Inter.sdk\Test_RBF_Wavegait\include" -c -fmessage-length=0 -MT"src/FilterRBF/MvAvgFilter3_initialize.o" -mcpu=cortex-a9 -mfpu=vfpv3 -mfloat-abi=hard -I../../SD_Card_bsp/ps7_cortexa9_0/include -MMD -MP -MF"src/FilterRBF/MvAvgFilter3_initialize.d" -MT"src/FilterRBF/MvAvgFilter3_initialize.o" -o "src/FilterRBF/MvAvgFilter3_initialize.o" "../src/FilterRBF/MvAvgFilter3_initialize.cpp"
'Finished building: ../src/FilterRBF/MvAvgFilter3_initialize.cpp'
' '
'Building file: ../src/FilterRBF/MvAvgFilter3_terminate.cpp'
'Invoking: ARM v7 g++ compiler'
arm-none-eabi-g++ -Wall -O0 -g3 -I"C:\Users\Frien\PraticewithI2C_Inter\PraticewithI2C_Inter.sdk\Test_RBF_Wavegait\include" -c -fmessage-length=0 -MT"src/FilterRBF/MvAvgFilter3_terminate.o" -mcpu=cortex-a9 -mfpu=vfpv3 -mfloat-abi=hard -I../../SD_Card_bsp/ps7_cortexa9_0/include -MMD -MP -MF"src/FilterRBF/MvAvgFilter3_terminate.d" -MT"src/FilterRBF/MvAvgFilter3_terminate.o" -o "src/FilterRBF/MvAvgFilter3_terminate.o" "../src/FilterRBF/MvAvgFilter3_terminate.cpp"
'Finished building: ../src/FilterRBF/MvAvgFilter3_terminate.cpp'
' '
'Building file: ../src/FilterRBF/RBF2Test3.cpp'
'Invoking: ARM v7 g++ compiler'
arm-none-eabi-g++ -Wall -O0 -g3 -I"C:\Users\Frien\PraticewithI2C_Inter\PraticewithI2C_Inter.sdk\Test_RBF_Wavegait\include" -c -fmessage-length=0 -MT"src/FilterRBF/RBF2Test3.o" -mcpu=cortex-a9 -mfpu=vfpv3 -mfloat-abi=hard -I../../SD_Card_bsp/ps7_cortexa9_0/include -MMD -MP -MF"src/FilterRBF/RBF2Test3.d" -MT"src/FilterRBF/RBF2Test3.o" -o "src/FilterRBF/RBF2Test3.o" "../src/FilterRBF/RBF2Test3.cpp"
'Finished building: ../src/FilterRBF/RBF2Test3.cpp'
' '
'Building file: ../src/FilterRBF/mod.cpp'
'Invoking: ARM v7 g++ compiler'
arm-none-eabi-g++ -Wall -O0 -g3 -I"C:\Users\Frien\PraticewithI2C_Inter\PraticewithI2C_Inter.sdk\Test_RBF_Wavegait\include" -c -fmessage-length=0 -MT"src/FilterRBF/mod.o" -mcpu=cortex-a9 -mfpu=vfpv3 -mfloat-abi=hard -I../../SD_Card_bsp/ps7_cortexa9_0/include -MMD -MP -MF"src/FilterRBF/mod.d" -MT"src/FilterRBF/mod.o" -o "src/FilterRBF/mod.o" "../src/FilterRBF/mod.cpp"
'Finished building: ../src/FilterRBF/mod.cpp'
' '
'Building file: ../src/FilterRBF/rtGetInf.cpp'
'Invoking: ARM v7 g++ compiler'
arm-none-eabi-g++ -Wall -O0 -g3 -I"C:\Users\Frien\PraticewithI2C_Inter\PraticewithI2C_Inter.sdk\Test_RBF_Wavegait\include" -c -fmessage-length=0 -MT"src/FilterRBF/rtGetInf.o" -mcpu=cortex-a9 -mfpu=vfpv3 -mfloat-abi=hard -I../../SD_Card_bsp/ps7_cortexa9_0/include -MMD -MP -MF"src/FilterRBF/rtGetInf.d" -MT"src/FilterRBF/rtGetInf.o" -o "src/FilterRBF/rtGetInf.o" "../src/FilterRBF/rtGetInf.cpp"
'Finished building: ../src/FilterRBF/rtGetInf.cpp'
' '
'Building file: ../src/FilterRBF/rtGetNaN.cpp'
'Invoking: ARM v7 g++ compiler'
arm-none-eabi-g++ -Wall -O0 -g3 -I"C:\Users\Frien\PraticewithI2C_Inter\PraticewithI2C_Inter.sdk\Test_RBF_Wavegait\include" -c -fmessage-length=0 -MT"src/FilterRBF/rtGetNaN.o" -mcpu=cortex-a9 -mfpu=vfpv3 -mfloat-abi=hard -I../../SD_Card_bsp/ps7_cortexa9_0/include -MMD -MP -MF"src/FilterRBF/rtGetNaN.d" -MT"src/FilterRBF/rtGetNaN.o" -o "src/FilterRBF/rtGetNaN.o" "../src/FilterRBF/rtGetNaN.cpp"
'Finished building: ../src/FilterRBF/rtGetNaN.cpp'
' '
'Building file: ../src/FilterRBF/rt_nonfinite.cpp'
'Invoking: ARM v7 g++ compiler'
arm-none-eabi-g++ -Wall -O0 -g3 -I"C:\Users\Frien\PraticewithI2C_Inter\PraticewithI2C_Inter.sdk\Test_RBF_Wavegait\include" -c -fmessage-length=0 -MT"src/FilterRBF/rt_nonfinite.o" -mcpu=cortex-a9 -mfpu=vfpv3 -mfloat-abi=hard -I../../SD_Card_bsp/ps7_cortexa9_0/include -MMD -MP -MF"src/FilterRBF/rt_nonfinite.d" -MT"src/FilterRBF/rt_nonfinite.o" -o "src/FilterRBF/rt_nonfinite.o" "../src/FilterRBF/rt_nonfinite.cpp"
'Finished building: ../src/FilterRBF/rt_nonfinite.cpp'
' '
'Building file: ../src/FilterRBF/sum.cpp'
'Invoking: ARM v7 g++ compiler'
arm-none-eabi-g++ -Wall -O0 -g3 -I"C:\Users\Frien\PraticewithI2C_Inter\PraticewithI2C_Inter.sdk\Test_RBF_Wavegait\include" -c -fmessage-length=0 -MT"src/FilterRBF/sum.o" -mcpu=cortex-a9 -mfpu=vfpv3 -mfloat-abi=hard -I../../SD_Card_bsp/ps7_cortexa9_0/include -MMD -MP -MF"src/FilterRBF/sum.d" -MT"src/FilterRBF/sum.o" -o "src/FilterRBF/sum.o" "../src/FilterRBF/sum.cpp"
'Finished building: ../src/FilterRBF/sum.cpp'
' '
'Building file: ../src/main.cc'
'Invoking: ARM v7 g++ compiler'
arm-none-eabi-g++ -Wall -O0 -g3 -I"C:\Users\Frien\PraticewithI2C_Inter\PraticewithI2C_Inter.sdk\Test_RBF_Wavegait\include" -c -fmessage-length=0 -MT"src/main.o" -mcpu=cortex-a9 -mfpu=vfpv3 -mfloat-abi=hard -I../../SD_Card_bsp/ps7_cortexa9_0/include -MMD -MP -MF"src/main.d" -MT"src/main.o" -o "src/main.o" "../src/main.cc"
../src/main.cc:46:14: warning: ISO C++ forbids converting a string constant to 'char*' [-Wwrite-strings]
 char *Path = "0:/";  //  string pointer to the logical drive number
              ^~~~~
../src/main.cc: In function 'int Save2SD()':
../src/main.cc:202:1: warning: control reaches end of non-void function [-Wreturn-type]
 }
 ^
'Finished building: ../src/main.cc'
' '
'Building target: Test_RBF_Wavegait.elf'
'Invoking: ARM v7 g++ linker'
arm-none-eabi-g++ -mcpu=cortex-a9 -mfpu=vfpv3 -mfloat-abi=hard -Wl,-build-id=none -specs=Xilinx.spec -Wl,-T -Wl,../src/lscript.ld -L../../SD_Card_bsp/ps7_cortexa9_0/lib -o "Test_RBF_Wavegait.elf"  ./src/hexapod_leg/I2Cdev.o ./src/hexapod_leg/MPU6050.o ./src/hexapod_leg/comm.o ./src/hexapod_leg/i2c.o ./src/hexapod_leg/imu.o ./src/hexapod_leg/interrupt.o ./src/hexapod_leg/joint_controls.o ./src/hexapod_leg/leg.o  ./src/FilterRBF/MvAvgFilter3.o ./src/FilterRBF/MvAvgFilter3_initialize.o ./src/FilterRBF/MvAvgFilter3_terminate.o ./src/FilterRBF/RBF2Test3.o ./src/FilterRBF/mod.o ./src/FilterRBF/rtGetInf.o ./src/FilterRBF/rtGetNaN.o ./src/FilterRBF/rt_nonfinite.o ./src/FilterRBF/sum.o  ./src/main.o   -lm -Wl,--start-group,-lxil,-lfreertos,-lgcc,-lc,-lstdc++,--end-group -Wl,--start-group,-lxilffs,-lxil,-lgcc,-lc,--end-group
'Finished building target: Test_RBF_Wavegait.elf'
' '
'Invoking: ARM v7 Print Size'
arm-none-eabi-size Test_RBF_Wavegait.elf  |tee "Test_RBF_Wavegait.elf.size"
   text	   data	    bss	    dec	    hex	filename
 215960	   4520	 473152	 693632	  a9580	Test_RBF_Wavegait.elf
'Finished building: Test_RBF_Wavegait.elf.size'
' '
00:17:09 **** Auto Build of configuration Debug for project Test_RBF_Wavegait ****
make pre-build main-build 
a9-linaro-pre-build-step
' '
'Building file: ../src/main.cc'
'Invoking: ARM v7 g++ compiler'
arm-none-eabi-g++ -Wall -O0 -g3 -I"C:\Users\Frien\PraticewithI2C_Inter\PraticewithI2C_Inter.sdk\Test_RBF_Wavegait\include" -c -fmessage-length=0 -MT"src/main.o" -mcpu=cortex-a9 -mfpu=vfpv3 -mfloat-abi=hard -I../../SD_Card_bsp/ps7_cortexa9_0/include -MMD -MP -MF"src/main.d" -MT"src/main.o" -o "src/main.o" "../src/main.cc"
../src/main.cc:46:14: warning: ISO C++ forbids converting a string constant to 'char*' [-Wwrite-strings]
 char *Path = "0:/";  //  string pointer to the logical drive number
              ^~~~~
../src/main.cc: In function 'int Save2SD()':
../src/main.cc:202:1: warning: control reaches end of non-void function [-Wreturn-type]
 }
 ^
'Finished building: ../src/main.cc'
' '
'Building target: Test_RBF_Wavegait.elf'
'Invoking: ARM v7 g++ linker'
arm-none-eabi-g++ -mcpu=cortex-a9 -mfpu=vfpv3 -mfloat-abi=hard -Wl,-build-id=none -specs=Xilinx.spec -Wl,-T -Wl,../src/lscript.ld -L../../SD_Card_bsp/ps7_cortexa9_0/lib -o "Test_RBF_Wavegait.elf"  ./src/hexapod_leg/I2Cdev.o ./src/hexapod_leg/MPU6050.o ./src/hexapod_leg/comm.o ./src/hexapod_leg/i2c.o ./src/hexapod_leg/imu.o ./src/hexapod_leg/interrupt.o ./src/hexapod_leg/joint_controls.o ./src/hexapod_leg/leg.o  ./src/FilterRBF/MvAvgFilter3.o ./src/FilterRBF/MvAvgFilter3_initialize.o ./src/FilterRBF/MvAvgFilter3_terminate.o ./src/FilterRBF/RBF2Test3.o ./src/FilterRBF/mod.o ./src/FilterRBF/rtGetInf.o ./src/FilterRBF/rtGetNaN.o ./src/FilterRBF/rt_nonfinite.o ./src/FilterRBF/sum.o  ./src/main.o   -lm -Wl,--start-group,-lxil,-lfreertos,-lgcc,-lc,-lstdc++,--end-group -Wl,--start-group,-lxilffs,-lxil,-lgcc,-lc,--end-group
'Finished building target: Test_RBF_Wavegait.elf'
' '
'Invoking: ARM v7 Print Size'
arm-none-eabi-size Test_RBF_Wavegait.elf  |tee "Test_RBF_Wavegait.elf.size"
   text	   data	    bss	    dec	    hex	filename
 215960	   4520	 438592	 659072	  a0e80	Test_RBF_Wavegait.elf
'Finished building: Test_RBF_Wavegait.elf.size'
' '
00:17:45 **** Auto Build of configuration Debug for project Test_RBF_Tripod ****
make pre-build main-build 
a9-linaro-pre-build-step
' '
'Building file: ../src/main.cc'
'Invoking: ARM v7 g++ compiler'
arm-none-eabi-g++ -Wall -O0 -g3 -I"C:\Users\Frien\PraticewithI2C_Inter\PraticewithI2C_Inter.sdk\Test_RBF_Tripod\include" -c -fmessage-length=0 -MT"src/main.o" -mcpu=cortex-a9 -mfpu=vfpv3 -mfloat-abi=hard -I../../SD_Card_bsp/ps7_cortexa9_0/include -MMD -MP -MF"src/main.d" -MT"src/main.o" -o "src/main.o" "../src/main.cc"
../src/main.cc:46:14: warning: ISO C++ forbids converting a string constant to 'char*' [-Wwrite-strings]
 char *Path = "0:/";  //  string pointer to the logical drive number
              ^~~~~
../src/main.cc: In function 'int Save2SD()':
../src/main.cc:202:1: warning: control reaches end of non-void function [-Wreturn-type]
 }
 ^
'Finished building: ../src/main.cc'
' '
'Building target: Test_RBF_Tripod.elf'
'Invoking: ARM v7 g++ linker'
arm-none-eabi-g++ -mcpu=cortex-a9 -mfpu=vfpv3 -mfloat-abi=hard -Wl,-build-id=none -specs=Xilinx.spec -Wl,-T -Wl,../src/lscript.ld -L../../SD_Card_bsp/ps7_cortexa9_0/lib -o "Test_RBF_Tripod.elf"  ./src/hexapod_leg/I2Cdev.o ./src/hexapod_leg/MPU6050.o ./src/hexapod_leg/comm.o ./src/hexapod_leg/i2c.o ./src/hexapod_leg/imu.o ./src/hexapod_leg/interrupt.o ./src/hexapod_leg/joint_controls.o ./src/hexapod_leg/leg.o  ./src/FilterRBF/MvAvgFilter2.o ./src/FilterRBF/MvAvgFilter2_initialize.o ./src/FilterRBF/MvAvgFilter2_terminate.o ./src/FilterRBF/RBF2Test2.o ./src/FilterRBF/mod.o ./src/FilterRBF/rtGetInf.o ./src/FilterRBF/rtGetNaN.o ./src/FilterRBF/rt_nonfinite.o ./src/FilterRBF/sum.o  ./src/main.o   -lm -Wl,--start-group,-lxil,-lfreertos,-lgcc,-lc,-lstdc++,--end-group -Wl,--start-group,-lxilffs,-lxil,-lgcc,-lc,--end-group
'Finished building target: Test_RBF_Tripod.elf'
' '
'Invoking: ARM v7 Print Size'
arm-none-eabi-size Test_RBF_Tripod.elf  |tee "Test_RBF_Tripod.elf.size"
   text	   data	    bss	    dec	    hex	filename
 215960	   4520	 438592	 659072	  a0e80	Test_RBF_Tripod.elf
'Finished building: Test_RBF_Tripod.elf.size'
' '
16:03:32 **** Auto Build of configuration Debug for project Test_RBF_Wavegait ****
make pre-build main-build 
a9-linaro-pre-build-step
' '
make: Nothing to be done for `main-build'.
16:03:39 **** Clean-only build of configuration Debug for project Test_RBF_Wavegait ****
make clean 
rm -rf  ./src/hexapod_leg/imu.d ./src/hexapod_leg/leg.d  ./src/main.d  ./src/hexapod_leg/I2Cdev.o ./src/hexapod_leg/MPU6050.o ./src/hexapod_leg/comm.o ./src/hexapod_leg/i2c.o ./src/hexapod_leg/imu.o ./src/hexapod_leg/interrupt.o ./src/hexapod_leg/joint_controls.o ./src/hexapod_leg/leg.o  ./src/FilterRBF/MvAvgFilter3.o ./src/FilterRBF/MvAvgFilter3_initialize.o ./src/FilterRBF/MvAvgFilter3_terminate.o ./src/FilterRBF/RBF2Test3.o ./src/FilterRBF/mod.o ./src/FilterRBF/rtGetInf.o ./src/FilterRBF/rtGetNaN.o ./src/FilterRBF/rt_nonfinite.o ./src/FilterRBF/sum.o  ./src/main.o  ./src/hexapod_leg/comm.d ./src/hexapod_leg/i2c.d ./src/hexapod_leg/interrupt.d ./src/hexapod_leg/joint_controls.d  ./src/hexapod_leg/I2Cdev.d ./src/hexapod_leg/MPU6050.d  ./src/FilterRBF/MvAvgFilter3.d ./src/FilterRBF/MvAvgFilter3_initialize.d ./src/FilterRBF/MvAvgFilter3_terminate.d ./src/FilterRBF/RBF2Test3.d ./src/FilterRBF/mod.d ./src/FilterRBF/rtGetInf.d ./src/FilterRBF/rtGetNaN.d ./src/FilterRBF/rt_nonfinite.d ./src/FilterRBF/sum.d  Test_RBF_Wavegait.elf.size  Test_RBF_Wavegait.elf
' '
16:03:39 **** Auto Build of configuration Debug for project Test_RBF_Wavegait ****
make pre-build main-build 
a9-linaro-pre-build-step
' '
'Building file: ../src/hexapod_leg/I2Cdev.cpp'
'Invoking: ARM v7 g++ compiler'
arm-none-eabi-g++ -Wall -O0 -g3 -I"C:\Users\Frien\PraticewithI2C_Inter\PraticewithI2C_Inter.sdk\Test_RBF_Wavegait\include" -c -fmessage-length=0 -MT"src/hexapod_leg/I2Cdev.o" -mcpu=cortex-a9 -mfpu=vfpv3 -mfloat-abi=hard -I../../SD_Card_bsp/ps7_cortexa9_0/include -MMD -MP -MF"src/hexapod_leg/I2Cdev.d" -MT"src/hexapod_leg/I2Cdev.o" -o "src/hexapod_leg/I2Cdev.o" "../src/hexapod_leg/I2Cdev.cpp"
'Finished building: ../src/hexapod_leg/I2Cdev.cpp'
' '
'Building file: ../src/hexapod_leg/MPU6050.cpp'
'Invoking: ARM v7 g++ compiler'
arm-none-eabi-g++ -Wall -O0 -g3 -I"C:\Users\Frien\PraticewithI2C_Inter\PraticewithI2C_Inter.sdk\Test_RBF_Wavegait\include" -c -fmessage-length=0 -MT"src/hexapod_leg/MPU6050.o" -mcpu=cortex-a9 -mfpu=vfpv3 -mfloat-abi=hard -I../../SD_Card_bsp/ps7_cortexa9_0/include -MMD -MP -MF"src/hexapod_leg/MPU6050.d" -MT"src/hexapod_leg/MPU6050.o" -o "src/hexapod_leg/MPU6050.o" "../src/hexapod_leg/MPU6050.cpp"
'Finished building: ../src/hexapod_leg/MPU6050.cpp'
' '
'Building file: ../src/hexapod_leg/comm.c'
'Invoking: ARM v7 g++ compiler'
arm-none-eabi-g++ -Wall -O0 -g3 -I"C:\Users\Frien\PraticewithI2C_Inter\PraticewithI2C_Inter.sdk\Test_RBF_Wavegait\include" -c -fmessage-length=0 -MT"src/hexapod_leg/comm.o" -mcpu=cortex-a9 -mfpu=vfpv3 -mfloat-abi=hard -I../../SD_Card_bsp/ps7_cortexa9_0/include -MMD -MP -MF"src/hexapod_leg/comm.d" -MT"src/hexapod_leg/comm.o" -o "src/hexapod_leg/comm.o" "../src/hexapod_leg/comm.c"
'Finished building: ../src/hexapod_leg/comm.c'
' '
'Building file: ../src/hexapod_leg/i2c.c'
'Invoking: ARM v7 g++ compiler'
arm-none-eabi-g++ -Wall -O0 -g3 -I"C:\Users\Frien\PraticewithI2C_Inter\PraticewithI2C_Inter.sdk\Test_RBF_Wavegait\include" -c -fmessage-length=0 -MT"src/hexapod_leg/i2c.o" -mcpu=cortex-a9 -mfpu=vfpv3 -mfloat-abi=hard -I../../SD_Card_bsp/ps7_cortexa9_0/include -MMD -MP -MF"src/hexapod_leg/i2c.d" -MT"src/hexapod_leg/i2c.o" -o "src/hexapod_leg/i2c.o" "../src/hexapod_leg/i2c.c"
'Finished building: ../src/hexapod_leg/i2c.c'
' '
'Building file: ../src/hexapod_leg/imu.cc'
'Invoking: ARM v7 g++ compiler'
arm-none-eabi-g++ -Wall -O0 -g3 -I"C:\Users\Frien\PraticewithI2C_Inter\PraticewithI2C_Inter.sdk\Test_RBF_Wavegait\include" -c -fmessage-length=0 -MT"src/hexapod_leg/imu.o" -mcpu=cortex-a9 -mfpu=vfpv3 -mfloat-abi=hard -I../../SD_Card_bsp/ps7_cortexa9_0/include -MMD -MP -MF"src/hexapod_leg/imu.d" -MT"src/hexapod_leg/imu.o" -o "src/hexapod_leg/imu.o" "../src/hexapod_leg/imu.cc"
'Finished building: ../src/hexapod_leg/imu.cc'
' '
'Building file: ../src/hexapod_leg/interrupt.c'
'Invoking: ARM v7 g++ compiler'
arm-none-eabi-g++ -Wall -O0 -g3 -I"C:\Users\Frien\PraticewithI2C_Inter\PraticewithI2C_Inter.sdk\Test_RBF_Wavegait\include" -c -fmessage-length=0 -MT"src/hexapod_leg/interrupt.o" -mcpu=cortex-a9 -mfpu=vfpv3 -mfloat-abi=hard -I../../SD_Card_bsp/ps7_cortexa9_0/include -MMD -MP -MF"src/hexapod_leg/interrupt.d" -MT"src/hexapod_leg/interrupt.o" -o "src/hexapod_leg/interrupt.o" "../src/hexapod_leg/interrupt.c"
'Finished building: ../src/hexapod_leg/interrupt.c'
' '
'Building file: ../src/hexapod_leg/joint_controls.c'
'Invoking: ARM v7 g++ compiler'
arm-none-eabi-g++ -Wall -O0 -g3 -I"C:\Users\Frien\PraticewithI2C_Inter\PraticewithI2C_Inter.sdk\Test_RBF_Wavegait\include" -c -fmessage-length=0 -MT"src/hexapod_leg/joint_controls.o" -mcpu=cortex-a9 -mfpu=vfpv3 -mfloat-abi=hard -I../../SD_Card_bsp/ps7_cortexa9_0/include -MMD -MP -MF"src/hexapod_leg/joint_controls.d" -MT"src/hexapod_leg/joint_controls.o" -o "src/hexapod_leg/joint_controls.o" "../src/hexapod_leg/joint_controls.c"
'Finished building: ../src/hexapod_leg/joint_controls.c'
' '
'Building file: ../src/hexapod_leg/leg.cc'
'Invoking: ARM v7 g++ compiler'
arm-none-eabi-g++ -Wall -O0 -g3 -I"C:\Users\Frien\PraticewithI2C_Inter\PraticewithI2C_Inter.sdk\Test_RBF_Wavegait\include" -c -fmessage-length=0 -MT"src/hexapod_leg/leg.o" -mcpu=cortex-a9 -mfpu=vfpv3 -mfloat-abi=hard -I../../SD_Card_bsp/ps7_cortexa9_0/include -MMD -MP -MF"src/hexapod_leg/leg.d" -MT"src/hexapod_leg/leg.o" -o "src/hexapod_leg/leg.o" "../src/hexapod_leg/leg.cc"
'Finished building: ../src/hexapod_leg/leg.cc'
' '
'Building file: ../src/FilterRBF/MvAvgFilter3.cpp'
'Invoking: ARM v7 g++ compiler'
arm-none-eabi-g++ -Wall -O0 -g3 -I"C:\Users\Frien\PraticewithI2C_Inter\PraticewithI2C_Inter.sdk\Test_RBF_Wavegait\include" -c -fmessage-length=0 -MT"src/FilterRBF/MvAvgFilter3.o" -mcpu=cortex-a9 -mfpu=vfpv3 -mfloat-abi=hard -I../../SD_Card_bsp/ps7_cortexa9_0/include -MMD -MP -MF"src/FilterRBF/MvAvgFilter3.d" -MT"src/FilterRBF/MvAvgFilter3.o" -o "src/FilterRBF/MvAvgFilter3.o" "../src/FilterRBF/MvAvgFilter3.cpp"
'Finished building: ../src/FilterRBF/MvAvgFilter3.cpp'
' '
'Building file: ../src/FilterRBF/MvAvgFilter3_initialize.cpp'
'Invoking: ARM v7 g++ compiler'
arm-none-eabi-g++ -Wall -O0 -g3 -I"C:\Users\Frien\PraticewithI2C_Inter\PraticewithI2C_Inter.sdk\Test_RBF_Wavegait\include" -c -fmessage-length=0 -MT"src/FilterRBF/MvAvgFilter3_initialize.o" -mcpu=cortex-a9 -mfpu=vfpv3 -mfloat-abi=hard -I../../SD_Card_bsp/ps7_cortexa9_0/include -MMD -MP -MF"src/FilterRBF/MvAvgFilter3_initialize.d" -MT"src/FilterRBF/MvAvgFilter3_initialize.o" -o "src/FilterRBF/MvAvgFilter3_initialize.o" "../src/FilterRBF/MvAvgFilter3_initialize.cpp"
'Finished building: ../src/FilterRBF/MvAvgFilter3_initialize.cpp'
' '
'Building file: ../src/FilterRBF/MvAvgFilter3_terminate.cpp'
'Invoking: ARM v7 g++ compiler'
arm-none-eabi-g++ -Wall -O0 -g3 -I"C:\Users\Frien\PraticewithI2C_Inter\PraticewithI2C_Inter.sdk\Test_RBF_Wavegait\include" -c -fmessage-length=0 -MT"src/FilterRBF/MvAvgFilter3_terminate.o" -mcpu=cortex-a9 -mfpu=vfpv3 -mfloat-abi=hard -I../../SD_Card_bsp/ps7_cortexa9_0/include -MMD -MP -MF"src/FilterRBF/MvAvgFilter3_terminate.d" -MT"src/FilterRBF/MvAvgFilter3_terminate.o" -o "src/FilterRBF/MvAvgFilter3_terminate.o" "../src/FilterRBF/MvAvgFilter3_terminate.cpp"
'Finished building: ../src/FilterRBF/MvAvgFilter3_terminate.cpp'
' '
'Building file: ../src/FilterRBF/RBF2Test3.cpp'
'Invoking: ARM v7 g++ compiler'
arm-none-eabi-g++ -Wall -O0 -g3 -I"C:\Users\Frien\PraticewithI2C_Inter\PraticewithI2C_Inter.sdk\Test_RBF_Wavegait\include" -c -fmessage-length=0 -MT"src/FilterRBF/RBF2Test3.o" -mcpu=cortex-a9 -mfpu=vfpv3 -mfloat-abi=hard -I../../SD_Card_bsp/ps7_cortexa9_0/include -MMD -MP -MF"src/FilterRBF/RBF2Test3.d" -MT"src/FilterRBF/RBF2Test3.o" -o "src/FilterRBF/RBF2Test3.o" "../src/FilterRBF/RBF2Test3.cpp"
'Finished building: ../src/FilterRBF/RBF2Test3.cpp'
' '
'Building file: ../src/FilterRBF/mod.cpp'
'Invoking: ARM v7 g++ compiler'
arm-none-eabi-g++ -Wall -O0 -g3 -I"C:\Users\Frien\PraticewithI2C_Inter\PraticewithI2C_Inter.sdk\Test_RBF_Wavegait\include" -c -fmessage-length=0 -MT"src/FilterRBF/mod.o" -mcpu=cortex-a9 -mfpu=vfpv3 -mfloat-abi=hard -I../../SD_Card_bsp/ps7_cortexa9_0/include -MMD -MP -MF"src/FilterRBF/mod.d" -MT"src/FilterRBF/mod.o" -o "src/FilterRBF/mod.o" "../src/FilterRBF/mod.cpp"
'Finished building: ../src/FilterRBF/mod.cpp'
' '
'Building file: ../src/FilterRBF/rtGetInf.cpp'
'Invoking: ARM v7 g++ compiler'
arm-none-eabi-g++ -Wall -O0 -g3 -I"C:\Users\Frien\PraticewithI2C_Inter\PraticewithI2C_Inter.sdk\Test_RBF_Wavegait\include" -c -fmessage-length=0 -MT"src/FilterRBF/rtGetInf.o" -mcpu=cortex-a9 -mfpu=vfpv3 -mfloat-abi=hard -I../../SD_Card_bsp/ps7_cortexa9_0/include -MMD -MP -MF"src/FilterRBF/rtGetInf.d" -MT"src/FilterRBF/rtGetInf.o" -o "src/FilterRBF/rtGetInf.o" "../src/FilterRBF/rtGetInf.cpp"
'Finished building: ../src/FilterRBF/rtGetInf.cpp'
' '
'Building file: ../src/FilterRBF/rtGetNaN.cpp'
'Invoking: ARM v7 g++ compiler'
arm-none-eabi-g++ -Wall -O0 -g3 -I"C:\Users\Frien\PraticewithI2C_Inter\PraticewithI2C_Inter.sdk\Test_RBF_Wavegait\include" -c -fmessage-length=0 -MT"src/FilterRBF/rtGetNaN.o" -mcpu=cortex-a9 -mfpu=vfpv3 -mfloat-abi=hard -I../../SD_Card_bsp/ps7_cortexa9_0/include -MMD -MP -MF"src/FilterRBF/rtGetNaN.d" -MT"src/FilterRBF/rtGetNaN.o" -o "src/FilterRBF/rtGetNaN.o" "../src/FilterRBF/rtGetNaN.cpp"
'Finished building: ../src/FilterRBF/rtGetNaN.cpp'
' '
'Building file: ../src/FilterRBF/rt_nonfinite.cpp'
'Invoking: ARM v7 g++ compiler'
arm-none-eabi-g++ -Wall -O0 -g3 -I"C:\Users\Frien\PraticewithI2C_Inter\PraticewithI2C_Inter.sdk\Test_RBF_Wavegait\include" -c -fmessage-length=0 -MT"src/FilterRBF/rt_nonfinite.o" -mcpu=cortex-a9 -mfpu=vfpv3 -mfloat-abi=hard -I../../SD_Card_bsp/ps7_cortexa9_0/include -MMD -MP -MF"src/FilterRBF/rt_nonfinite.d" -MT"src/FilterRBF/rt_nonfinite.o" -o "src/FilterRBF/rt_nonfinite.o" "../src/FilterRBF/rt_nonfinite.cpp"
'Finished building: ../src/FilterRBF/rt_nonfinite.cpp'
' '
'Building file: ../src/FilterRBF/sum.cpp'
'Invoking: ARM v7 g++ compiler'
arm-none-eabi-g++ -Wall -O0 -g3 -I"C:\Users\Frien\PraticewithI2C_Inter\PraticewithI2C_Inter.sdk\Test_RBF_Wavegait\include" -c -fmessage-length=0 -MT"src/FilterRBF/sum.o" -mcpu=cortex-a9 -mfpu=vfpv3 -mfloat-abi=hard -I../../SD_Card_bsp/ps7_cortexa9_0/include -MMD -MP -MF"src/FilterRBF/sum.d" -MT"src/FilterRBF/sum.o" -o "src/FilterRBF/sum.o" "../src/FilterRBF/sum.cpp"
'Finished building: ../src/FilterRBF/sum.cpp'
' '
'Building file: ../src/main.cc'
'Invoking: ARM v7 g++ compiler'
arm-none-eabi-g++ -Wall -O0 -g3 -I"C:\Users\Frien\PraticewithI2C_Inter\PraticewithI2C_Inter.sdk\Test_RBF_Wavegait\include" -c -fmessage-length=0 -MT"src/main.o" -mcpu=cortex-a9 -mfpu=vfpv3 -mfloat-abi=hard -I../../SD_Card_bsp/ps7_cortexa9_0/include -MMD -MP -MF"src/main.d" -MT"src/main.o" -o "src/main.o" "../src/main.cc"
../src/main.cc:46:14: warning: ISO C++ forbids converting a string constant to 'char*' [-Wwrite-strings]
 char *Path = "0:/";  //  string pointer to the logical drive number
              ^~~~~
../src/main.cc: In function 'int Save2SD()':
../src/main.cc:202:1: warning: control reaches end of non-void function [-Wreturn-type]
 }
 ^
'Finished building: ../src/main.cc'
' '
'Building target: Test_RBF_Wavegait.elf'
'Invoking: ARM v7 g++ linker'
arm-none-eabi-g++ -mcpu=cortex-a9 -mfpu=vfpv3 -mfloat-abi=hard -Wl,-build-id=none -specs=Xilinx.spec -Wl,-T -Wl,../src/lscript.ld -L../../SD_Card_bsp/ps7_cortexa9_0/lib -o "Test_RBF_Wavegait.elf"  ./src/hexapod_leg/I2Cdev.o ./src/hexapod_leg/MPU6050.o ./src/hexapod_leg/comm.o ./src/hexapod_leg/i2c.o ./src/hexapod_leg/imu.o ./src/hexapod_leg/interrupt.o ./src/hexapod_leg/joint_controls.o ./src/hexapod_leg/leg.o  ./src/FilterRBF/MvAvgFilter3.o ./src/FilterRBF/MvAvgFilter3_initialize.o ./src/FilterRBF/MvAvgFilter3_terminate.o ./src/FilterRBF/RBF2Test3.o ./src/FilterRBF/mod.o ./src/FilterRBF/rtGetInf.o ./src/FilterRBF/rtGetNaN.o ./src/FilterRBF/rt_nonfinite.o ./src/FilterRBF/sum.o  ./src/main.o   -lm -Wl,--start-group,-lxil,-lfreertos,-lgcc,-lc,-lstdc++,--end-group -Wl,--start-group,-lxilffs,-lxil,-lgcc,-lc,--end-group
'Finished building target: Test_RBF_Wavegait.elf'
' '
'Invoking: ARM v7 Print Size'
arm-none-eabi-size Test_RBF_Wavegait.elf  |tee "Test_RBF_Wavegait.elf.size"
   text	   data	    bss	    dec	    hex	filename
 215960	   4520	 438592	 659072	  a0e80	Test_RBF_Wavegait.elf
'Finished building: Test_RBF_Wavegait.elf.size'
' '
16:12:34 **** Auto Build of configuration Debug for project Test_RBF_Tripod ****
make pre-build main-build 
a9-linaro-pre-build-step
' '
'Building file: ../src/main.cc'
'Invoking: ARM v7 g++ compiler'
arm-none-eabi-g++ -Wall -O0 -g3 -I"C:\Users\Frien\PraticewithI2C_Inter\PraticewithI2C_Inter.sdk\Test_RBF_Tripod\include" -c -fmessage-length=0 -MT"src/main.o" -mcpu=cortex-a9 -mfpu=vfpv3 -mfloat-abi=hard -I../../SD_Card_bsp/ps7_cortexa9_0/include -MMD -MP -MF"src/main.d" -MT"src/main.o" -o "src/main.o" "../src/main.cc"
../src/main.cc:46:14: warning: ISO C++ forbids converting a string constant to 'char*' [-Wwrite-strings]
 char *Path = "0:/";  //  string pointer to the logical drive number
              ^~~~~
../src/main.cc: In function 'int Save2SD()':
../src/main.cc:203:1: warning: control reaches end of non-void function [-Wreturn-type]
 }
 ^
'Finished building: ../src/main.cc'
' '
'Building target: Test_RBF_Tripod.elf'
'Invoking: ARM v7 g++ linker'
arm-none-eabi-g++ -mcpu=cortex-a9 -mfpu=vfpv3 -mfloat-abi=hard -Wl,-build-id=none -specs=Xilinx.spec -Wl,-T -Wl,../src/lscript.ld -L../../SD_Card_bsp/ps7_cortexa9_0/lib -o "Test_RBF_Tripod.elf"  ./src/hexapod_leg/I2Cdev.o ./src/hexapod_leg/MPU6050.o ./src/hexapod_leg/comm.o ./src/hexapod_leg/i2c.o ./src/hexapod_leg/imu.o ./src/hexapod_leg/interrupt.o ./src/hexapod_leg/joint_controls.o ./src/hexapod_leg/leg.o  ./src/FilterRBF/MvAvgFilter2.o ./src/FilterRBF/MvAvgFilter2_initialize.o ./src/FilterRBF/MvAvgFilter2_terminate.o ./src/FilterRBF/RBF2Test2.o ./src/FilterRBF/mod.o ./src/FilterRBF/rtGetInf.o ./src/FilterRBF/rtGetNaN.o ./src/FilterRBF/rt_nonfinite.o ./src/FilterRBF/sum.o  ./src/main.o   -lm -Wl,--start-group,-lxil,-lfreertos,-lgcc,-lc,-lstdc++,--end-group -Wl,--start-group,-lxilffs,-lxil,-lgcc,-lc,--end-group
'Finished building target: Test_RBF_Tripod.elf'
' '
'Invoking: ARM v7 Print Size'
arm-none-eabi-size Test_RBF_Tripod.elf  |tee "Test_RBF_Tripod.elf.size"
   text	   data	    bss	    dec	    hex	filename
 217836	   4520	 438592	 660948	  a15d4	Test_RBF_Tripod.elf
'Finished building: Test_RBF_Tripod.elf.size'
' '
16:39:09 **** Auto Build of configuration Debug for project Test_RBF_Tripod ****
make pre-build main-build 
a9-linaro-pre-build-step
' '
'Building file: ../src/main.cc'
'Invoking: ARM v7 g++ compiler'
arm-none-eabi-g++ -Wall -O0 -g3 -I"C:\Users\Frien\PraticewithI2C_Inter\PraticewithI2C_Inter.sdk\Test_RBF_Tripod\include" -c -fmessage-length=0 -MT"src/main.o" -mcpu=cortex-a9 -mfpu=vfpv3 -mfloat-abi=hard -I../../SD_Card_bsp/ps7_cortexa9_0/include -MMD -MP -MF"src/main.d" -MT"src/main.o" -o "src/main.o" "../src/main.cc"
../src/main.cc:46:14: warning: ISO C++ forbids converting a string constant to 'char*' [-Wwrite-strings]
 char *Path = "0:/";  //  string pointer to the logical drive number
              ^~~~~
../src/main.cc: In function 'int Save2SD()':
../src/main.cc:203:1: warning: control reaches end of non-void function [-Wreturn-type]
 }
 ^
'Finished building: ../src/main.cc'
' '
'Building target: Test_RBF_Tripod.elf'
'Invoking: ARM v7 g++ linker'
arm-none-eabi-g++ -mcpu=cortex-a9 -mfpu=vfpv3 -mfloat-abi=hard -Wl,-build-id=none -specs=Xilinx.spec -Wl,-T -Wl,../src/lscript.ld -L../../SD_Card_bsp/ps7_cortexa9_0/lib -o "Test_RBF_Tripod.elf"  ./src/hexapod_leg/I2Cdev.o ./src/hexapod_leg/MPU6050.o ./src/hexapod_leg/comm.o ./src/hexapod_leg/i2c.o ./src/hexapod_leg/imu.o ./src/hexapod_leg/interrupt.o ./src/hexapod_leg/joint_controls.o ./src/hexapod_leg/leg.o  ./src/FilterRBF/MvAvgFilter2.o ./src/FilterRBF/MvAvgFilter2_initialize.o ./src/FilterRBF/MvAvgFilter2_terminate.o ./src/FilterRBF/RBF2Test2.o ./src/FilterRBF/mod.o ./src/FilterRBF/rtGetInf.o ./src/FilterRBF/rtGetNaN.o ./src/FilterRBF/rt_nonfinite.o ./src/FilterRBF/sum.o  ./src/main.o   -lm -Wl,--start-group,-lxil,-lfreertos,-lgcc,-lc,-lstdc++,--end-group -Wl,--start-group,-lxilffs,-lxil,-lgcc,-lc,--end-group
'Finished building target: Test_RBF_Tripod.elf'
' '
'Invoking: ARM v7 Print Size'
arm-none-eabi-size Test_RBF_Tripod.elf  |tee "Test_RBF_Tripod.elf.size"
   text	   data	    bss	    dec	    hex	filename
 217836	   4520	 438592	 660948	  a15d4	Test_RBF_Tripod.elf
'Finished building: Test_RBF_Tripod.elf.size'
' '
16:39:15 **** Auto Build of configuration Debug for project Test_RBF_Tripod ****
make pre-build main-build 
a9-linaro-pre-build-step
' '
'Building file: ../src/main.cc'
'Invoking: ARM v7 g++ compiler'
arm-none-eabi-g++ -Wall -O0 -g3 -I"C:\Users\Frien\PraticewithI2C_Inter\PraticewithI2C_Inter.sdk\Test_RBF_Tripod\include" -c -fmessage-length=0 -MT"src/main.o" -mcpu=cortex-a9 -mfpu=vfpv3 -mfloat-abi=hard -I../../SD_Card_bsp/ps7_cortexa9_0/include -MMD -MP -MF"src/main.d" -MT"src/main.o" -o "src/main.o" "../src/main.cc"
../src/main.cc:46:14: warning: ISO C++ forbids converting a string constant to 'char*' [-Wwrite-strings]
 char *Path = "0:/";  //  string pointer to the logical drive number
              ^~~~~
../src/main.cc: In function 'int Save2SD()':
../src/main.cc:203:1: warning: control reaches end of non-void function [-Wreturn-type]
 }
 ^
'Finished building: ../src/main.cc'
' '
'Building target: Test_RBF_Tripod.elf'
'Invoking: ARM v7 g++ linker'
arm-none-eabi-g++ -mcpu=cortex-a9 -mfpu=vfpv3 -mfloat-abi=hard -Wl,-build-id=none -specs=Xilinx.spec -Wl,-T -Wl,../src/lscript.ld -L../../SD_Card_bsp/ps7_cortexa9_0/lib -o "Test_RBF_Tripod.elf"  ./src/hexapod_leg/I2Cdev.o ./src/hexapod_leg/MPU6050.o ./src/hexapod_leg/comm.o ./src/hexapod_leg/i2c.o ./src/hexapod_leg/imu.o ./src/hexapod_leg/interrupt.o ./src/hexapod_leg/joint_controls.o ./src/hexapod_leg/leg.o  ./src/FilterRBF/MvAvgFilter2.o ./src/FilterRBF/MvAvgFilter2_initialize.o ./src/FilterRBF/MvAvgFilter2_terminate.o ./src/FilterRBF/RBF2Test2.o ./src/FilterRBF/mod.o ./src/FilterRBF/rtGetInf.o ./src/FilterRBF/rtGetNaN.o ./src/FilterRBF/rt_nonfinite.o ./src/FilterRBF/sum.o  ./src/main.o   -lm -Wl,--start-group,-lxil,-lfreertos,-lgcc,-lc,-lstdc++,--end-group -Wl,--start-group,-lxilffs,-lxil,-lgcc,-lc,--end-group
'Finished building target: Test_RBF_Tripod.elf'
' '
'Invoking: ARM v7 Print Size'
arm-none-eabi-size Test_RBF_Tripod.elf  |tee "Test_RBF_Tripod.elf.size"
   text	   data	    bss	    dec	    hex	filename
 217836	   4520	 438592	 660948	  a15d4	Test_RBF_Tripod.elf
'Finished building: Test_RBF_Tripod.elf.size'
' '
16:41:44 **** Auto Build of configuration Debug for project Test_RBF_Wavegait ****
make pre-build main-build 
a9-linaro-pre-build-step
' '
'Building file: ../src/main.cc'
'Invoking: ARM v7 g++ compiler'
arm-none-eabi-g++ -Wall -O0 -g3 -I"C:\Users\Frien\PraticewithI2C_Inter\PraticewithI2C_Inter.sdk\Test_RBF_Wavegait\include" -c -fmessage-length=0 -MT"src/main.o" -mcpu=cortex-a9 -mfpu=vfpv3 -mfloat-abi=hard -I../../SD_Card_bsp/ps7_cortexa9_0/include -MMD -MP -MF"src/main.d" -MT"src/main.o" -o "src/main.o" "../src/main.cc"
../src/main.cc:46:14: warning: ISO C++ forbids converting a string constant to 'char*' [-Wwrite-strings]
 char *Path = "0:/";  //  string pointer to the logical drive number
              ^~~~~
../src/main.cc: In function 'int main()':
../src/main.cc:461:15: error: 'Stepback' was not declared in this scope
     Stepback(i);
               ^
../src/main.cc:481:18: error: 'Stepback' was not declared in this scope
        Stepback(i);
                  ^
../src/main.cc: In function 'int Save2SD()':
../src/main.cc:202:1: warning: control reaches end of non-void function [-Wreturn-type]
 }
 ^
make: *** [src/main.o] Error 1
16:55:43 **** Auto Build of configuration Debug for project Test_RBF_Wavegait ****
make pre-build main-build 
a9-linaro-pre-build-step
' '
'Building file: ../src/main.cc'
'Invoking: ARM v7 g++ compiler'
arm-none-eabi-g++ -Wall -O0 -g3 -I"C:\Users\Frien\PraticewithI2C_Inter\PraticewithI2C_Inter.sdk\Test_RBF_Wavegait\include" -c -fmessage-length=0 -MT"src/main.o" -mcpu=cortex-a9 -mfpu=vfpv3 -mfloat-abi=hard -I../../SD_Card_bsp/ps7_cortexa9_0/include -MMD -MP -MF"src/main.d" -MT"src/main.o" -o "src/main.o" "../src/main.cc"
../src/main.cc:46:14: warning: ISO C++ forbids converting a string constant to 'char*' [-Wwrite-strings]
 char *Path = "0:/";  //  string pointer to the logical drive number
              ^~~~~
../src/main.cc: In function 'void step_Tripod1(int)':
../src/main.cc:384:14: error: 'lpdelay3' was not declared in this scope
   ReadToque (lpdelay3);
              ^~~~~~~~
../src/main.cc:402:14: error: 'lpdelay3' was not declared in this scope
   ReadToque (lpdelay3);
              ^~~~~~~~
../src/main.cc:419:14: error: 'lpdelay3' was not declared in this scope
   ReadToque (lpdelay3);
              ^~~~~~~~
../src/main.cc:436:14: error: 'lpdelay3' was not declared in this scope
   ReadToque (lpdelay3);
              ^~~~~~~~
../src/main.cc:454:14: error: 'lpdelay3' was not declared in this scope
   ReadToque (lpdelay3);
              ^~~~~~~~
../src/main.cc:471:14: error: 'lpdelay3' was not declared in this scope
   ReadToque (lpdelay3);
              ^~~~~~~~
../src/main.cc: In function 'void step_Tripod2(int)':
../src/main.cc:494:14: error: 'lpdelay3' was not declared in this scope
   ReadToque (lpdelay3);
              ^~~~~~~~
../src/main.cc:512:14: error: 'lpdelay3' was not declared in this scope
   ReadToque (lpdelay3);
              ^~~~~~~~
../src/main.cc:529:14: error: 'lpdelay3' was not declared in this scope
   ReadToque (lpdelay3);
              ^~~~~~~~
../src/main.cc:546:14: error: 'lpdelay3' was not declared in this scope
   ReadToque (lpdelay3);
              ^~~~~~~~
../src/main.cc:564:14: error: 'lpdelay3' was not declared in this scope
   ReadToque (lpdelay3);
              ^~~~~~~~
../src/main.cc:581:14: error: 'lpdelay3' was not declared in this scope
   ReadToque (lpdelay3);
              ^~~~~~~~
../src/main.cc: In function 'int Save2SD()':
../src/main.cc:202:1: warning: control reaches end of non-void function [-Wreturn-type]
 }
 ^
make: *** [src/main.o] Error 1
16:56:02 **** Auto Build of configuration Debug for project Test_RBF_Wavegait ****
make pre-build main-build 
a9-linaro-pre-build-step
' '
'Building file: ../src/main.cc'
'Invoking: ARM v7 g++ compiler'
arm-none-eabi-g++ -Wall -O0 -g3 -I"C:\Users\Frien\PraticewithI2C_Inter\PraticewithI2C_Inter.sdk\Test_RBF_Wavegait\include" -c -fmessage-length=0 -MT"src/main.o" -mcpu=cortex-a9 -mfpu=vfpv3 -mfloat-abi=hard -I../../SD_Card_bsp/ps7_cortexa9_0/include -MMD -MP -MF"src/main.d" -MT"src/main.o" -o "src/main.o" "../src/main.cc"
../src/main.cc:46:14: warning: ISO C++ forbids converting a string constant to 'char*' [-Wwrite-strings]
 char *Path = "0:/";  //  string pointer to the logical drive number
              ^~~~~
../src/main.cc: In function 'int Save2SD()':
../src/main.cc:203:1: warning: control reaches end of non-void function [-Wreturn-type]
 }
 ^
'Finished building: ../src/main.cc'
' '
'Building target: Test_RBF_Wavegait.elf'
'Invoking: ARM v7 g++ linker'
arm-none-eabi-g++ -mcpu=cortex-a9 -mfpu=vfpv3 -mfloat-abi=hard -Wl,-build-id=none -specs=Xilinx.spec -Wl,-T -Wl,../src/lscript.ld -L../../SD_Card_bsp/ps7_cortexa9_0/lib -o "Test_RBF_Wavegait.elf"  ./src/hexapod_leg/I2Cdev.o ./src/hexapod_leg/MPU6050.o ./src/hexapod_leg/comm.o ./src/hexapod_leg/i2c.o ./src/hexapod_leg/imu.o ./src/hexapod_leg/interrupt.o ./src/hexapod_leg/joint_controls.o ./src/hexapod_leg/leg.o  ./src/FilterRBF/MvAvgFilter3.o ./src/FilterRBF/MvAvgFilter3_initialize.o ./src/FilterRBF/MvAvgFilter3_terminate.o ./src/FilterRBF/RBF2Test3.o ./src/FilterRBF/mod.o ./src/FilterRBF/rtGetInf.o ./src/FilterRBF/rtGetNaN.o ./src/FilterRBF/rt_nonfinite.o ./src/FilterRBF/sum.o  ./src/main.o   -lm -Wl,--start-group,-lxil,-lfreertos,-lgcc,-lc,-lstdc++,--end-group -Wl,--start-group,-lxilffs,-lxil,-lgcc,-lc,--end-group
'Finished building target: Test_RBF_Wavegait.elf'
' '
'Invoking: ARM v7 Print Size'
arm-none-eabi-size Test_RBF_Wavegait.elf  |tee "Test_RBF_Wavegait.elf.size"
   text	   data	    bss	    dec	    hex	filename
 217836	   4520	 438592	 660948	  a15d4	Test_RBF_Wavegait.elf
'Finished building: Test_RBF_Wavegait.elf.size'
' '
23:01:56 **** Auto Build of configuration Debug for project Test_RBF_Tripod ****
make pre-build main-build 
a9-linaro-pre-build-step
' '
'Building file: ../src/FilterRBF/RBF2Test2.cpp'
'Invoking: ARM v7 g++ compiler'
arm-none-eabi-g++ -Wall -O0 -g3 -I"C:\Users\Frien\PraticewithI2C_Inter\PraticewithI2C_Inter.sdk\Test_RBF_Tripod\include" -c -fmessage-length=0 -MT"src/FilterRBF/RBF2Test2.o" -mcpu=cortex-a9 -mfpu=vfpv3 -mfloat-abi=hard -I../../SD_Card_bsp/ps7_cortexa9_0/include -MMD -MP -MF"src/FilterRBF/RBF2Test2.d" -MT"src/FilterRBF/RBF2Test2.o" -o "src/FilterRBF/RBF2Test2.o" "../src/FilterRBF/RBF2Test2.cpp"
'Finished building: ../src/FilterRBF/RBF2Test2.cpp'
' '
'Building target: Test_RBF_Tripod.elf'
'Invoking: ARM v7 g++ linker'
arm-none-eabi-g++ -mcpu=cortex-a9 -mfpu=vfpv3 -mfloat-abi=hard -Wl,-build-id=none -specs=Xilinx.spec -Wl,-T -Wl,../src/lscript.ld -L../../SD_Card_bsp/ps7_cortexa9_0/lib -o "Test_RBF_Tripod.elf"  ./src/hexapod_leg/I2Cdev.o ./src/hexapod_leg/MPU6050.o ./src/hexapod_leg/comm.o ./src/hexapod_leg/i2c.o ./src/hexapod_leg/imu.o ./src/hexapod_leg/interrupt.o ./src/hexapod_leg/joint_controls.o ./src/hexapod_leg/leg.o  ./src/FilterRBF/MvAvgFilter2.o ./src/FilterRBF/MvAvgFilter2_initialize.o ./src/FilterRBF/MvAvgFilter2_terminate.o ./src/FilterRBF/RBF2Test2.o ./src/FilterRBF/mod.o ./src/FilterRBF/rtGetInf.o ./src/FilterRBF/rtGetNaN.o ./src/FilterRBF/rt_nonfinite.o ./src/FilterRBF/sum.o  ./src/main.o   -lm -Wl,--start-group,-lxil,-lfreertos,-lgcc,-lc,-lstdc++,--end-group -Wl,--start-group,-lxilffs,-lxil,-lgcc,-lc,--end-group
'Finished building target: Test_RBF_Tripod.elf'
' '
'Invoking: ARM v7 Print Size'
arm-none-eabi-size Test_RBF_Tripod.elf  |tee "Test_RBF_Tripod.elf.size"
   text	   data	    bss	    dec	    hex	filename
 217836	   4520	 438592	 660948	  a15d4	Test_RBF_Tripod.elf
'Finished building: Test_RBF_Tripod.elf.size'
' '
11:27:41 **** Auto Build of configuration Debug for project SD_Card ****
make pre-build main-build 
a9-linaro-pre-build-step
' '
'Building file: ../src/main.cc'
'Invoking: ARM v7 g++ compiler'
arm-none-eabi-g++ -Wall -O0 -g3 -I"C:\Users\Frien\PraticewithI2C_Inter\PraticewithI2C_Inter.sdk\SD_Card\include" -c -fmessage-length=0 -MT"src/main.o" -mcpu=cortex-a9 -mfpu=vfpv3 -mfloat-abi=hard -I../../SD_Card_bsp/ps7_cortexa9_0/include -MMD -MP -MF"src/main.d" -MT"src/main.o" -o "src/main.o" "../src/main.cc"
../src/main.cc:40:14: warning: ISO C++ forbids converting a string constant to 'char*' [-Wwrite-strings]
 char *Path = "0:/";  //  string pointer to the logical drive number
              ^~~~~
../src/main.cc: In function 'int Save2SD()':
../src/main.cc:188:1: warning: control reaches end of non-void function [-Wreturn-type]
 }
 ^
'Finished building: ../src/main.cc'
' '
'Building target: SD_Card.elf'
'Invoking: ARM v7 g++ linker'
arm-none-eabi-g++ -mcpu=cortex-a9 -mfpu=vfpv3 -mfloat-abi=hard -Wl,-build-id=none -specs=Xilinx.spec -Wl,-T -Wl,../src/lscript.ld -L../../SD_Card_bsp/ps7_cortexa9_0/lib -o "SD_Card.elf"  ./src/hexapod_leg/I2Cdev.o ./src/hexapod_leg/MPU6050.o ./src/hexapod_leg/comm.o ./src/hexapod_leg/i2c.o ./src/hexapod_leg/imu.o ./src/hexapod_leg/interrupt.o ./src/hexapod_leg/joint_controls.o ./src/hexapod_leg/leg.o  ./src/main.o   -lm -Wl,--start-group,-lxil,-lfreertos,-lgcc,-lc,-lstdc++,--end-group -Wl,--start-group,-lxilffs,-lxil,-lgcc,-lc,--end-group
'Finished building target: SD_Card.elf'
' '
'Invoking: ARM v7 Print Size'
arm-none-eabi-size SD_Card.elf  |tee "SD_Card.elf.size"
   text	   data	    bss	    dec	    hex	filename
 209800	   4504	  92928	 307232	  4b020	SD_Card.elf
'Finished building: SD_Card.elf.size'
' '
11:29:39 **** Auto Build of configuration Debug for project SD_Card ****
make pre-build main-build 
a9-linaro-pre-build-step
' '
'Building file: ../src/main.cc'
'Invoking: ARM v7 g++ compiler'
arm-none-eabi-g++ -Wall -O0 -g3 -I"C:\Users\Frien\PraticewithI2C_Inter\PraticewithI2C_Inter.sdk\SD_Card\include" -c -fmessage-length=0 -MT"src/main.o" -mcpu=cortex-a9 -mfpu=vfpv3 -mfloat-abi=hard -I../../SD_Card_bsp/ps7_cortexa9_0/include -MMD -MP -MF"src/main.d" -MT"src/main.o" -o "src/main.o" "../src/main.cc"
../src/main.cc:40:14: warning: ISO C++ forbids converting a string constant to 'char*' [-Wwrite-strings]
 char *Path = "0:/";  //  string pointer to the logical drive number
              ^~~~~
../src/main.cc: In function 'int Save2SD()':
../src/main.cc:188:1: warning: control reaches end of non-void function [-Wreturn-type]
 }
 ^
'Finished building: ../src/main.cc'
' '
'Building target: SD_Card.elf'
'Invoking: ARM v7 g++ linker'
arm-none-eabi-g++ -mcpu=cortex-a9 -mfpu=vfpv3 -mfloat-abi=hard -Wl,-build-id=none -specs=Xilinx.spec -Wl,-T -Wl,../src/lscript.ld -L../../SD_Card_bsp/ps7_cortexa9_0/lib -o "SD_Card.elf"  ./src/hexapod_leg/I2Cdev.o ./src/hexapod_leg/MPU6050.o ./src/hexapod_leg/comm.o ./src/hexapod_leg/i2c.o ./src/hexapod_leg/imu.o ./src/hexapod_leg/interrupt.o ./src/hexapod_leg/joint_controls.o ./src/hexapod_leg/leg.o  ./src/main.o   -lm -Wl,--start-group,-lxil,-lfreertos,-lgcc,-lc,-lstdc++,--end-group -Wl,--start-group,-lxilffs,-lxil,-lgcc,-lc,--end-group
'Finished building target: SD_Card.elf'
' '
'Invoking: ARM v7 Print Size'
arm-none-eabi-size SD_Card.elf  |tee "SD_Card.elf.size"
   text	   data	    bss	    dec	    hex	filename
 209800	   4504	  92928	 307232	  4b020	SD_Card.elf
'Finished building: SD_Card.elf.size'
' '
11:29:47 **** Incremental Build of configuration Debug for project SD_Card ****
make pre-build main-build 
a9-linaro-pre-build-step
' '
make: Nothing to be done for `main-build'.
11:30:13 **** Incremental Build of configuration Debug for project SD_Card ****
make pre-build main-build 
a9-linaro-pre-build-step
' '
[...]
'Invoking: ARM v7 g++ linker'
arm-none-eabi-g++ -mcpu=cortex-a9 -mfpu=vfpv3 -mfloat-abi=hard -Wl,-build-id=none -specs=Xilinx.spec -Wl,-T -Wl,../src/lscript.ld -L../../SD_Card_bsp/ps7_cortexa9_0/lib -o "Test_RBF_Tripod.elf"  ./src/hexapod_leg/I2Cdev.o ./src/hexapod_leg/MPU6050.o ./src/hexapod_leg/comm.o ./src/hexapod_leg/i2c.o ./src/hexapod_leg/imu.o ./src/hexapod_leg/interrupt.o ./src/hexapod_leg/joint_controls.o ./src/hexapod_leg/leg.o  ./src/FilterRBF/MvAvgFilter2.o ./src/FilterRBF/MvAvgFilter2_initialize.o ./src/FilterRBF/MvAvgFilter2_terminate.o ./src/FilterRBF/RBF2Test2.o ./src/FilterRBF/mod.o ./src/FilterRBF/rtGetInf.o ./src/FilterRBF/rtGetNaN.o ./src/FilterRBF/rt_nonfinite.o ./src/FilterRBF/sum.o  ./src/main.o   -lm -Wl,--start-group,-lxil,-lfreertos,-lgcc,-lc,-lstdc++,--end-group -Wl,--start-group,-lxilffs,-lxil,-lgcc,-lc,--end-group
'Finished building target: Test_RBF_Tripod.elf'
' '
'Invoking: ARM v7 Print Size'
arm-none-eabi-size Test_RBF_Tripod.elf  |tee "Test_RBF_Tripod.elf.size"
   text	   data	    bss	    dec	    hex	filename
 217900	   4520	 438592	 661012	  a1614	Test_RBF_Tripod.elf
'Finished building: Test_RBF_Tripod.elf.size'
' '
15:51:58 **** Incremental Build of configuration Debug for project Test_RBF_Tripod ****
make pre-build main-build 
a9-linaro-pre-build-step
' '
make: Nothing to be done for `main-build'.
15:52:40 **** Incremental Build of configuration Debug for project Test_RBF_Tripod ****
make pre-build main-build 
a9-linaro-pre-build-step
' '
make: Nothing to be done for `main-build'.
15:53:49 **** Incremental Build of configuration Debug for project Test_RBF_Tripod ****
make pre-build main-build 
a9-linaro-pre-build-step
' '
make: Nothing to be done for `main-build'.
15:54:50 **** Incremental Build of configuration Debug for project Test_RBF_Wavegait ****
make pre-build main-build 
a9-linaro-pre-build-step
' '
'Building file: ../src/main.cc'
'Invoking: ARM v7 g++ compiler'
arm-none-eabi-g++ -Wall -O0 -g3 -I"C:\Users\Frien\PraticewithI2C_Inter\PraticewithI2C_Inter.sdk\Test_RBF_Wavegait\include" -c -fmessage-length=0 -MT"src/main.o" -mcpu=cortex-a9 -mfpu=vfpv3 -mfloat-abi=hard -I../../SD_Card_bsp/ps7_cortexa9_0/include -MMD -MP -MF"src/main.d" -MT"src/main.o" -o "src/main.o" "../src/main.cc"
../src/main.cc:46:14: warning: ISO C++ forbids converting a string constant to 'char*' [-Wwrite-strings]
 char *Path = "0:/";  //  string pointer to the logical drive number
              ^~~~~
../src/main.cc: In function 'int Save2SD()':
../src/main.cc:204:1: warning: control reaches end of non-void function [-Wreturn-type]
 }
 ^
'Finished building: ../src/main.cc'
' '
'Building target: Test_RBF_Wavegait.elf'
'Invoking: ARM v7 g++ linker'
arm-none-eabi-g++ -mcpu=cortex-a9 -mfpu=vfpv3 -mfloat-abi=hard -Wl,-build-id=none -specs=Xilinx.spec -Wl,-T -Wl,../src/lscript.ld -L../../SD_Card_bsp/ps7_cortexa9_0/lib -o "Test_RBF_Wavegait.elf"  ./src/hexapod_leg/I2Cdev.o ./src/hexapod_leg/MPU6050.o ./src/hexapod_leg/comm.o ./src/hexapod_leg/i2c.o ./src/hexapod_leg/imu.o ./src/hexapod_leg/interrupt.o ./src/hexapod_leg/joint_controls.o ./src/hexapod_leg/leg.o  ./src/FilterRBF/MvAvgFilter3.o ./src/FilterRBF/MvAvgFilter3_initialize.o ./src/FilterRBF/MvAvgFilter3_terminate.o ./src/FilterRBF/RBF2Test3.o ./src/FilterRBF/mod.o ./src/FilterRBF/rtGetInf.o ./src/FilterRBF/rtGetNaN.o ./src/FilterRBF/rt_nonfinite.o ./src/FilterRBF/sum.o  ./src/main.o   -lm -Wl,--start-group,-lxil,-lfreertos,-lgcc,-lc,-lstdc++,--end-group -Wl,--start-group,-lxilffs,-lxil,-lgcc,-lc,--end-group
'Finished building target: Test_RBF_Wavegait.elf'
' '
'Invoking: ARM v7 Print Size'
arm-none-eabi-size Test_RBF_Wavegait.elf  |tee "Test_RBF_Wavegait.elf.size"
   text	   data	    bss	    dec	    hex	filename
 217964	   4520	 438592	 661076	  a1654	Test_RBF_Wavegait.elf
'Finished building: Test_RBF_Wavegait.elf.size'
' '
15:55:49 **** Incremental Build of configuration Debug for project Test_RBF_Wavegait ****
make pre-build main-build 
a9-linaro-pre-build-step
' '
make: Nothing to be done for `main-build'.
15:56:28 **** Incremental Build of configuration Debug for project Test_RBF_Wavegait ****
make pre-build main-build 
a9-linaro-pre-build-step
' '
make: Nothing to be done for `main-build'.
15:57:44 **** Incremental Build of configuration Debug for project Test_RBF_Wavegait ****
make pre-build main-build 
a9-linaro-pre-build-step
' '
make: Nothing to be done for `main-build'.
15:58:58 **** Incremental Build of configuration Debug for project Test_RBF_Wavegait ****
make pre-build main-build 
a9-linaro-pre-build-step
' '
make: Nothing to be done for `main-build'.
15:59:49 **** Incremental Build of configuration Debug for project Test_RBF_Wavegait ****
make pre-build main-build 
a9-linaro-pre-build-step
' '
make: Nothing to be done for `main-build'.
16:01:07 **** Incremental Build of configuration Debug for project Test_RBF_Wavegait ****
make pre-build main-build 
a9-linaro-pre-build-step
' '
make: Nothing to be done for `main-build'.
16:03:03 **** Incremental Build of configuration Debug for project Test_RBF_Wavegait ****
make pre-build main-build 
a9-linaro-pre-build-step
' '
'Building file: ../src/main.cc'
'Invoking: ARM v7 g++ compiler'
arm-none-eabi-g++ -Wall -O0 -g3 -I"C:\Users\Frien\PraticewithI2C_Inter\PraticewithI2C_Inter.sdk\Test_RBF_Wavegait\include" -c -fmessage-length=0 -MT"src/main.o" -mcpu=cortex-a9 -mfpu=vfpv3 -mfloat-abi=hard -I../../SD_Card_bsp/ps7_cortexa9_0/include -MMD -MP -MF"src/main.d" -MT"src/main.o" -o "src/main.o" "../src/main.cc"
../src/main.cc:46:14: warning: ISO C++ forbids converting a string constant to 'char*' [-Wwrite-strings]
 char *Path = "0:/";  //  string pointer to the logical drive number
              ^~~~~
../src/main.cc: In function 'int Save2SD()':
../src/main.cc:204:1: warning: control reaches end of non-void function [-Wreturn-type]
 }
 ^
'Finished building: ../src/main.cc'
' '
'Building target: Test_RBF_Wavegait.elf'
'Invoking: ARM v7 g++ linker'
arm-none-eabi-g++ -mcpu=cortex-a9 -mfpu=vfpv3 -mfloat-abi=hard -Wl,-build-id=none -specs=Xilinx.spec -Wl,-T -Wl,../src/lscript.ld -L../../SD_Card_bsp/ps7_cortexa9_0/lib -o "Test_RBF_Wavegait.elf"  ./src/hexapod_leg/I2Cdev.o ./src/hexapod_leg/MPU6050.o ./src/hexapod_leg/comm.o ./src/hexapod_leg/i2c.o ./src/hexapod_leg/imu.o ./src/hexapod_leg/interrupt.o ./src/hexapod_leg/joint_controls.o ./src/hexapod_leg/leg.o  ./src/FilterRBF/MvAvgFilter3.o ./src/FilterRBF/MvAvgFilter3_initialize.o ./src/FilterRBF/MvAvgFilter3_terminate.o ./src/FilterRBF/RBF2Test3.o ./src/FilterRBF/mod.o ./src/FilterRBF/rtGetInf.o ./src/FilterRBF/rtGetNaN.o ./src/FilterRBF/rt_nonfinite.o ./src/FilterRBF/sum.o  ./src/main.o   -lm -Wl,--start-group,-lxil,-lfreertos,-lgcc,-lc,-lstdc++,--end-group -Wl,--start-group,-lxilffs,-lxil,-lgcc,-lc,--end-group
'Finished building target: Test_RBF_Wavegait.elf'
' '
'Invoking: ARM v7 Print Size'
arm-none-eabi-size Test_RBF_Wavegait.elf  |tee "Test_RBF_Wavegait.elf.size"
   text	   data	    bss	    dec	    hex	filename
 217964	   4520	 438592	 661076	  a1654	Test_RBF_Wavegait.elf
'Finished building: Test_RBF_Wavegait.elf.size'
' '
16:03:55 **** Incremental Build of configuration Debug for project Test_RBF_Wavegait ****
make pre-build main-build 
a9-linaro-pre-build-step
' '
make: Nothing to be done for `main-build'.
16:04:52 **** Incremental Build of configuration Debug for project Test_RBF_Wavegait ****
make pre-build main-build 
a9-linaro-pre-build-step
' '
make: Nothing to be done for `main-build'.
16:07:49 **** Incremental Build of configuration Debug for project Test_RBF_Wavegait ****
make pre-build main-build 
a9-linaro-pre-build-step
' '
'Building file: ../src/main.cc'
'Invoking: ARM v7 g++ compiler'
arm-none-eabi-g++ -Wall -O0 -g3 -I"C:\Users\Frien\PraticewithI2C_Inter\PraticewithI2C_Inter.sdk\Test_RBF_Wavegait\include" -c -fmessage-length=0 -MT"src/main.o" -mcpu=cortex-a9 -mfpu=vfpv3 -mfloat-abi=hard -I../../SD_Card_bsp/ps7_cortexa9_0/include -MMD -MP -MF"src/main.d" -MT"src/main.o" -o "src/main.o" "../src/main.cc"
../src/main.cc:46:14: warning: ISO C++ forbids converting a string constant to 'char*' [-Wwrite-strings]
 char *Path = "0:/";  //  string pointer to the logical drive number
              ^~~~~
../src/main.cc: In function 'int Save2SD()':
../src/main.cc:204:1: warning: control reaches end of non-void function [-Wreturn-type]
 }
 ^
'Finished building: ../src/main.cc'
' '
'Building target: Test_RBF_Wavegait.elf'
'Invoking: ARM v7 g++ linker'
arm-none-eabi-g++ -mcpu=cortex-a9 -mfpu=vfpv3 -mfloat-abi=hard -Wl,-build-id=none -specs=Xilinx.spec -Wl,-T -Wl,../src/lscript.ld -L../../SD_Card_bsp/ps7_cortexa9_0/lib -o "Test_RBF_Wavegait.elf"  ./src/hexapod_leg/I2Cdev.o ./src/hexapod_leg/MPU6050.o ./src/hexapod_leg/comm.o ./src/hexapod_leg/i2c.o ./src/hexapod_leg/imu.o ./src/hexapod_leg/interrupt.o ./src/hexapod_leg/joint_controls.o ./src/hexapod_leg/leg.o  ./src/FilterRBF/MvAvgFilter3.o ./src/FilterRBF/MvAvgFilter3_initialize.o ./src/FilterRBF/MvAvgFilter3_terminate.o ./src/FilterRBF/RBF2Test3.o ./src/FilterRBF/mod.o ./src/FilterRBF/rtGetInf.o ./src/FilterRBF/rtGetNaN.o ./src/FilterRBF/rt_nonfinite.o ./src/FilterRBF/sum.o  ./src/main.o   -lm -Wl,--start-group,-lxil,-lfreertos,-lgcc,-lc,-lstdc++,--end-group -Wl,--start-group,-lxilffs,-lxil,-lgcc,-lc,--end-group
'Finished building target: Test_RBF_Wavegait.elf'
' '
'Invoking: ARM v7 Print Size'
arm-none-eabi-size Test_RBF_Wavegait.elf  |tee "Test_RBF_Wavegait.elf.size"
   text	   data	    bss	    dec	    hex	filename
 218028	   4520	 438592	 661140	  a1694	Test_RBF_Wavegait.elf
'Finished building: Test_RBF_Wavegait.elf.size'
' '
16:08:29 **** Auto Build of configuration Debug for project Test_RBF_Wavegait ****
make pre-build main-build 
a9-linaro-pre-build-step
' '
'Building file: ../src/main.cc'
'Invoking: ARM v7 g++ compiler'
arm-none-eabi-g++ -Wall -O0 -g3 -I"C:\Users\Frien\PraticewithI2C_Inter\PraticewithI2C_Inter.sdk\Test_RBF_Wavegait\include" -c -fmessage-length=0 -MT"src/main.o" -mcpu=cortex-a9 -mfpu=vfpv3 -mfloat-abi=hard -I../../SD_Card_bsp/ps7_cortexa9_0/include -MMD -MP -MF"src/main.d" -MT"src/main.o" -o "src/main.o" "../src/main.cc"
../src/main.cc:46:14: warning: ISO C++ forbids converting a string constant to 'char*' [-Wwrite-strings]
 char *Path = "0:/";  //  string pointer to the logical drive number
              ^~~~~
../src/main.cc: In function 'int Save2SD()':
../src/main.cc:204:1: warning: control reaches end of non-void function [-Wreturn-type]
 }
 ^
'Finished building: ../src/main.cc'
' '
'Building target: Test_RBF_Wavegait.elf'
'Invoking: ARM v7 g++ linker'
arm-none-eabi-g++ -mcpu=cortex-a9 -mfpu=vfpv3 -mfloat-abi=hard -Wl,-build-id=none -specs=Xilinx.spec -Wl,-T -Wl,../src/lscript.ld -L../../SD_Card_bsp/ps7_cortexa9_0/lib -o "Test_RBF_Wavegait.elf"  ./src/hexapod_leg/I2Cdev.o ./src/hexapod_leg/MPU6050.o ./src/hexapod_leg/comm.o ./src/hexapod_leg/i2c.o ./src/hexapod_leg/imu.o ./src/hexapod_leg/interrupt.o ./src/hexapod_leg/joint_controls.o ./src/hexapod_leg/leg.o  ./src/FilterRBF/MvAvgFilter3.o ./src/FilterRBF/MvAvgFilter3_initialize.o ./src/FilterRBF/MvAvgFilter3_terminate.o ./src/FilterRBF/RBF2Test3.o ./src/FilterRBF/mod.o ./src/FilterRBF/rtGetInf.o ./src/FilterRBF/rtGetNaN.o ./src/FilterRBF/rt_nonfinite.o ./src/FilterRBF/sum.o  ./src/main.o   -lm -Wl,--start-group,-lxil,-lfreertos,-lgcc,-lc,-lstdc++,--end-group -Wl,--start-group,-lxilffs,-lxil,-lgcc,-lc,--end-group
'Finished building target: Test_RBF_Wavegait.elf'
' '
'Invoking: ARM v7 Print Size'
arm-none-eabi-size Test_RBF_Wavegait.elf  |tee "Test_RBF_Wavegait.elf.size"
   text	   data	    bss	    dec	    hex	filename
 218092	   4520	 438592	 661204	  a16d4	Test_RBF_Wavegait.elf
'Finished building: Test_RBF_Wavegait.elf.size'
' '
16:08:39 **** Incremental Build of configuration Debug for project Test_RBF_Wavegait ****
make pre-build main-build 
a9-linaro-pre-build-step
' '
make: Nothing to be done for `main-build'.
16:09:42 **** Incremental Build of configuration Debug for project Test_RBF_Wavegait ****
make pre-build main-build 
a9-linaro-pre-build-step
' '
make: Nothing to be done for `main-build'.
16:10:59 **** Incremental Build of configuration Debug for project Test_RBF_Wavegait ****
make pre-build main-build 
a9-linaro-pre-build-step
' '
make: Nothing to be done for `main-build'.
16:12:39 **** Incremental Build of configuration Debug for project Test_RBF_Wavegait ****
make pre-build main-build 
a9-linaro-pre-build-step
' '
make: Nothing to be done for `main-build'.
16:14:08 **** Incremental Build of configuration Debug for project Test_RBF_Wavegait ****
make pre-build main-build 
a9-linaro-pre-build-step
' '
make: Nothing to be done for `main-build'.
16:15:39 **** Incremental Build of configuration Debug for project Test_RBF_Wavegait ****
make pre-build main-build 
a9-linaro-pre-build-step
' '
make: Nothing to be done for `main-build'.
16:17:20 **** Incremental Build of configuration Debug for project Test_RBF_Wavegait ****
make pre-build main-build 
a9-linaro-pre-build-step
' '
make: Nothing to be done for `main-build'.
16:21:29 **** Incremental Build of configuration Debug for project Test_RBF_Wavegait ****
make pre-build main-build 
a9-linaro-pre-build-step
' '
make: Nothing to be done for `main-build'.
16:23:33 **** Incremental Build of configuration Debug for project Test_RBF_Wavegait ****
make pre-build main-build 
a9-linaro-pre-build-step
' '
make: Nothing to be done for `main-build'.
16:25:55 **** Incremental Build of configuration Debug for project Test_RBF_Wavegait ****
make pre-build main-build 
a9-linaro-pre-build-step
' '
'Building file: ../src/main.cc'
'Invoking: ARM v7 g++ compiler'
arm-none-eabi-g++ -Wall -O0 -g3 -I"C:\Users\Frien\PraticewithI2C_Inter\PraticewithI2C_Inter.sdk\Test_RBF_Wavegait\include" -c -fmessage-length=0 -MT"src/main.o" -mcpu=cortex-a9 -mfpu=vfpv3 -mfloat-abi=hard -I../../SD_Card_bsp/ps7_cortexa9_0/include -MMD -MP -MF"src/main.d" -MT"src/main.o" -o "src/main.o" "../src/main.cc"
../src/main.cc:46:14: warning: ISO C++ forbids converting a string constant to 'char*' [-Wwrite-strings]
 char *Path = "0:/";  //  string pointer to the logical drive number
              ^~~~~
../src/main.cc: In function 'int Save2SD()':
../src/main.cc:204:1: warning: control reaches end of non-void function [-Wreturn-type]
 }
 ^
'Finished building: ../src/main.cc'
' '
'Building target: Test_RBF_Wavegait.elf'
'Invoking: ARM v7 g++ linker'
arm-none-eabi-g++ -mcpu=cortex-a9 -mfpu=vfpv3 -mfloat-abi=hard -Wl,-build-id=none -specs=Xilinx.spec -Wl,-T -Wl,../src/lscript.ld -L../../SD_Card_bsp/ps7_cortexa9_0/lib -o "Test_RBF_Wavegait.elf"  ./src/hexapod_leg/I2Cdev.o ./src/hexapod_leg/MPU6050.o ./src/hexapod_leg/comm.o ./src/hexapod_leg/i2c.o ./src/hexapod_leg/imu.o ./src/hexapod_leg/interrupt.o ./src/hexapod_leg/joint_controls.o ./src/hexapod_leg/leg.o  ./src/FilterRBF/MvAvgFilter3.o ./src/FilterRBF/MvAvgFilter3_initialize.o ./src/FilterRBF/MvAvgFilter3_terminate.o ./src/FilterRBF/RBF2Test3.o ./src/FilterRBF/mod.o ./src/FilterRBF/rtGetInf.o ./src/FilterRBF/rtGetNaN.o ./src/FilterRBF/rt_nonfinite.o ./src/FilterRBF/sum.o  ./src/main.o   -lm -Wl,--start-group,-lxil,-lfreertos,-lgcc,-lc,-lstdc++,--end-group -Wl,--start-group,-lxilffs,-lxil,-lgcc,-lc,--end-group
'Finished building target: Test_RBF_Wavegait.elf'
' '
'Invoking: ARM v7 Print Size'
arm-none-eabi-size Test_RBF_Wavegait.elf  |tee "Test_RBF_Wavegait.elf.size"
   text	   data	    bss	    dec	    hex	filename
 218092	   4520	 438592	 661204	  a16d4	Test_RBF_Wavegait.elf
'Finished building: Test_RBF_Wavegait.elf.size'
' '
16:27:41 **** Incremental Build of configuration Debug for project Test_RBF_Tripod ****
make pre-build main-build 
a9-linaro-pre-build-step
' '
make: Nothing to be done for `main-build'.
16:28:19 **** Incremental Build of configuration Debug for project Test_RBF_Tripod ****
make pre-build main-build 
a9-linaro-pre-build-step
' '
'Building file: ../src/main.cc'
'Invoking: ARM v7 g++ compiler'
arm-none-eabi-g++ -Wall -O0 -g3 -I"C:\Users\Frien\PraticewithI2C_Inter\PraticewithI2C_Inter.sdk\Test_RBF_Tripod\include" -c -fmessage-length=0 -MT"src/main.o" -mcpu=cortex-a9 -mfpu=vfpv3 -mfloat-abi=hard -I../../SD_Card_bsp/ps7_cortexa9_0/include -MMD -MP -MF"src/main.d" -MT"src/main.o" -o "src/main.o" "../src/main.cc"
../src/main.cc:46:14: warning: ISO C++ forbids converting a string constant to 'char*' [-Wwrite-strings]
 char *Path = "0:/";  //  string pointer to the logical drive number
              ^~~~~
../src/main.cc: In function 'int Save2SD()':
../src/main.cc:204:1: warning: control reaches end of non-void function [-Wreturn-type]
 }
 ^
'Finished building: ../src/main.cc'
' '
'Building target: Test_RBF_Tripod.elf'
'Invoking: ARM v7 g++ linker'
arm-none-eabi-g++ -mcpu=cortex-a9 -mfpu=vfpv3 -mfloat-abi=hard -Wl,-build-id=none -specs=Xilinx.spec -Wl,-T -Wl,../src/lscript.ld -L../../SD_Card_bsp/ps7_cortexa9_0/lib -o "Test_RBF_Tripod.elf"  ./src/hexapod_leg/I2Cdev.o ./src/hexapod_leg/MPU6050.o ./src/hexapod_leg/comm.o ./src/hexapod_leg/i2c.o ./src/hexapod_leg/imu.o ./src/hexapod_leg/interrupt.o ./src/hexapod_leg/joint_controls.o ./src/hexapod_leg/leg.o  ./src/FilterRBF/MvAvgFilter2.o ./src/FilterRBF/MvAvgFilter2_initialize.o ./src/FilterRBF/MvAvgFilter2_terminate.o ./src/FilterRBF/RBF2Test2.o ./src/FilterRBF/mod.o ./src/FilterRBF/rtGetInf.o ./src/FilterRBF/rtGetNaN.o ./src/FilterRBF/rt_nonfinite.o ./src/FilterRBF/sum.o  ./src/main.o   -lm -Wl,--start-group,-lxil,-lfreertos,-lgcc,-lc,-lstdc++,--end-group -Wl,--start-group,-lxilffs,-lxil,-lgcc,-lc,--end-group
'Finished building target: Test_RBF_Tripod.elf'
' '
'Invoking: ARM v7 Print Size'
arm-none-eabi-size Test_RBF_Tripod.elf  |tee "Test_RBF_Tripod.elf.size"
   text	   data	    bss	    dec	    hex	filename
 217900	   4520	 438592	 661012	  a1614	Test_RBF_Tripod.elf
'Finished building: Test_RBF_Tripod.elf.size'
' '
16:29:52 **** Incremental Build of configuration Debug for project Test_RBF_Tripod ****
make pre-build main-build 
a9-linaro-pre-build-step
' '
'Building file: ../src/main.cc'
'Invoking: ARM v7 g++ compiler'
arm-none-eabi-g++ -Wall -O0 -g3 -I"C:\Users\Frien\PraticewithI2C_Inter\PraticewithI2C_Inter.sdk\Test_RBF_Tripod\include" -c -fmessage-length=0 -MT"src/main.o" -mcpu=cortex-a9 -mfpu=vfpv3 -mfloat-abi=hard -I../../SD_Card_bsp/ps7_cortexa9_0/include -MMD -MP -MF"src/main.d" -MT"src/main.o" -o "src/main.o" "../src/main.cc"
../src/main.cc:46:14: warning: ISO C++ forbids converting a string constant to 'char*' [-Wwrite-strings]
 char *Path = "0:/";  //  string pointer to the logical drive number
              ^~~~~
../src/main.cc: In function 'int Save2SD()':
../src/main.cc:204:1: warning: control reaches end of non-void function [-Wreturn-type]
 }
 ^
'Finished building: ../src/main.cc'
' '
'Building target: Test_RBF_Tripod.elf'
'Invoking: ARM v7 g++ linker'
arm-none-eabi-g++ -mcpu=cortex-a9 -mfpu=vfpv3 -mfloat-abi=hard -Wl,-build-id=none -specs=Xilinx.spec -Wl,-T -Wl,../src/lscript.ld -L../../SD_Card_bsp/ps7_cortexa9_0/lib -o "Test_RBF_Tripod.elf"  ./src/hexapod_leg/I2Cdev.o ./src/hexapod_leg/MPU6050.o ./src/hexapod_leg/comm.o ./src/hexapod_leg/i2c.o ./src/hexapod_leg/imu.o ./src/hexapod_leg/interrupt.o ./src/hexapod_leg/joint_controls.o ./src/hexapod_leg/leg.o  ./src/FilterRBF/MvAvgFilter2.o ./src/FilterRBF/MvAvgFilter2_initialize.o ./src/FilterRBF/MvAvgFilter2_terminate.o ./src/FilterRBF/RBF2Test2.o ./src/FilterRBF/mod.o ./src/FilterRBF/rtGetInf.o ./src/FilterRBF/rtGetNaN.o ./src/FilterRBF/rt_nonfinite.o ./src/FilterRBF/sum.o  ./src/main.o   -lm -Wl,--start-group,-lxil,-lfreertos,-lgcc,-lc,-lstdc++,--end-group -Wl,--start-group,-lxilffs,-lxil,-lgcc,-lc,--end-group
'Finished building target: Test_RBF_Tripod.elf'
' '
'Invoking: ARM v7 Print Size'
arm-none-eabi-size Test_RBF_Tripod.elf  |tee "Test_RBF_Tripod.elf.size"
   text	   data	    bss	    dec	    hex	filename
 217900	   4520	 438592	 661012	  a1614	Test_RBF_Tripod.elf
'Finished building: Test_RBF_Tripod.elf.size'
' '
