14:23:10 **** Build of configuration Debug for project SD_Card ****
make pre-build main-build 
a9-linaro-pre-build-step
' '
'Building file: ../src/hexapod_leg/I2Cdev.cpp'
'Invoking: ARM v7 g++ compiler'
arm-none-eabi-g++ -Wall -O0 -g3 -I"C:\Users\Frien\PraticewithI2C_Inter\PraticewithI2C_Inter.sdk\SD_Card\include" -c -fmessage-length=0 -MT"src/hexapod_leg/I2Cdev.o" -mcpu=cortex-a9 -mfpu=vfpv3 -mfloat-abi=hard -I../../SD_Card_bsp/ps7_cortexa9_0/include -MMD -MP -MF"src/hexapod_leg/I2Cdev.d" -MT"src/hexapod_leg/I2Cdev.o" -o "src/hexapod_leg/I2Cdev.o" "../src/hexapod_leg/I2Cdev.cpp"
'Finished building: ../src/hexapod_leg/I2Cdev.cpp'
' '
'Building file: ../src/hexapod_leg/MPU6050.cpp'
'Invoking: ARM v7 g++ compiler'
arm-none-eabi-g++ -Wall -O0 -g3 -I"C:\Users\Frien\PraticewithI2C_Inter\PraticewithI2C_Inter.sdk\SD_Card\include" -c -fmessage-length=0 -MT"src/hexapod_leg/MPU6050.o" -mcpu=cortex-a9 -mfpu=vfpv3 -mfloat-abi=hard -I../../SD_Card_bsp/ps7_cortexa9_0/include -MMD -MP -MF"src/hexapod_leg/MPU6050.d" -MT"src/hexapod_leg/MPU6050.o" -o "src/hexapod_leg/MPU6050.o" "../src/hexapod_leg/MPU6050.cpp"
'Finished building: ../src/hexapod_leg/MPU6050.cpp'
' '
'Building file: ../src/hexapod_leg/comm.c'
'Invoking: ARM v7 g++ compiler'
arm-none-eabi-g++ -Wall -O0 -g3 -I"C:\Users\Frien\PraticewithI2C_Inter\PraticewithI2C_Inter.sdk\SD_Card\include" -c -fmessage-length=0 -MT"src/hexapod_leg/comm.o" -mcpu=cortex-a9 -mfpu=vfpv3 -mfloat-abi=hard -I../../SD_Card_bsp/ps7_cortexa9_0/include -MMD -MP -MF"src/hexapod_leg/comm.d" -MT"src/hexapod_leg/comm.o" -o "src/hexapod_leg/comm.o" "../src/hexapod_leg/comm.c"
'Finished building: ../src/hexapod_leg/comm.c'
' '
'Building file: ../src/hexapod_leg/i2c.c'
'Invoking: ARM v7 g++ compiler'
arm-none-eabi-g++ -Wall -O0 -g3 -I"C:\Users\Frien\PraticewithI2C_Inter\PraticewithI2C_Inter.sdk\SD_Card\include" -c -fmessage-length=0 -MT"src/hexapod_leg/i2c.o" -mcpu=cortex-a9 -mfpu=vfpv3 -mfloat-abi=hard -I../../SD_Card_bsp/ps7_cortexa9_0/include -MMD -MP -MF"src/hexapod_leg/i2c.d" -MT"src/hexapod_leg/i2c.o" -o "src/hexapod_leg/i2c.o" "../src/hexapod_leg/i2c.c"
'Finished building: ../src/hexapod_leg/i2c.c'
' '
'Building file: ../src/hexapod_leg/imu.cc'
'Invoking: ARM v7 g++ compiler'
arm-none-eabi-g++ -Wall -O0 -g3 -I"C:\Users\Frien\PraticewithI2C_Inter\PraticewithI2C_Inter.sdk\SD_Card\include" -c -fmessage-length=0 -MT"src/hexapod_leg/imu.o" -mcpu=cortex-a9 -mfpu=vfpv3 -mfloat-abi=hard -I../../SD_Card_bsp/ps7_cortexa9_0/include -MMD -MP -MF"src/hexapod_leg/imu.d" -MT"src/hexapod_leg/imu.o" -o "src/hexapod_leg/imu.o" "../src/hexapod_leg/imu.cc"
'Finished building: ../src/hexapod_leg/imu.cc'
' '
'Building file: ../src/hexapod_leg/interrupt.c'
'Invoking: ARM v7 g++ compiler'
arm-none-eabi-g++ -Wall -O0 -g3 -I"C:\Users\Frien\PraticewithI2C_Inter\PraticewithI2C_Inter.sdk\SD_Card\include" -c -fmessage-length=0 -MT"src/hexapod_leg/interrupt.o" -mcpu=cortex-a9 -mfpu=vfpv3 -mfloat-abi=hard -I../../SD_Card_bsp/ps7_cortexa9_0/include -MMD -MP -MF"src/hexapod_leg/interrupt.d" -MT"src/hexapod_leg/interrupt.o" -o "src/hexapod_leg/interrupt.o" "../src/hexapod_leg/interrupt.c"
'Finished building: ../src/hexapod_leg/interrupt.c'
' '
'Building file: ../src/hexapod_leg/joint_controls.c'
'Invoking: ARM v7 g++ compiler'
arm-none-eabi-g++ -Wall -O0 -g3 -I"C:\Users\Frien\PraticewithI2C_Inter\PraticewithI2C_Inter.sdk\SD_Card\include" -c -fmessage-length=0 -MT"src/hexapod_leg/joint_controls.o" -mcpu=cortex-a9 -mfpu=vfpv3 -mfloat-abi=hard -I../../SD_Card_bsp/ps7_cortexa9_0/include -MMD -MP -MF"src/hexapod_leg/joint_controls.d" -MT"src/hexapod_leg/joint_controls.o" -o "src/hexapod_leg/joint_controls.o" "../src/hexapod_leg/joint_controls.c"
'Finished building: ../src/hexapod_leg/joint_controls.c'
' '
'Building file: ../src/hexapod_leg/leg.cc'
'Invoking: ARM v7 g++ compiler'
arm-none-eabi-g++ -Wall -O0 -g3 -I"C:\Users\Frien\PraticewithI2C_Inter\PraticewithI2C_Inter.sdk\SD_Card\include" -c -fmessage-length=0 -MT"src/hexapod_leg/leg.o" -mcpu=cortex-a9 -mfpu=vfpv3 -mfloat-abi=hard -I../../SD_Card_bsp/ps7_cortexa9_0/include -MMD -MP -MF"src/hexapod_leg/leg.d" -MT"src/hexapod_leg/leg.o" -o "src/hexapod_leg/leg.o" "../src/hexapod_leg/leg.cc"
'Finished building: ../src/hexapod_leg/leg.cc'
' '
'Building file: ../src/main.cc'
'Invoking: ARM v7 g++ compiler'
arm-none-eabi-g++ -Wall -O0 -g3 -I"C:\Users\Frien\PraticewithI2C_Inter\PraticewithI2C_Inter.sdk\SD_Card\include" -c -fmessage-length=0 -MT"src/main.o" -mcpu=cortex-a9 -mfpu=vfpv3 -mfloat-abi=hard -I../../SD_Card_bsp/ps7_cortexa9_0/include -MMD -MP -MF"src/main.d" -MT"src/main.o" -o "src/main.o" "../src/main.cc"
../src/main.cc:40:14: warning: ISO C++ forbids converting a string constant to 'char*' [-Wwrite-strings]
 char *Path = "0:/";  //  string pointer to the logical drive number
              ^~~~~
../src/main.cc: In function 'int Save2SD()':
../src/main.cc:188:1: warning: control reaches end of non-void function [-Wreturn-type]
 }
 ^
'Finished building: ../src/main.cc'
' '
'Building target: SD_Card.elf'
'Invoking: ARM v7 g++ linker'
arm-none-eabi-g++ -mcpu=cortex-a9 -mfpu=vfpv3 -mfloat-abi=hard -Wl,-build-id=none -specs=Xilinx.spec -Wl,-T -Wl,../src/lscript.ld -L../../SD_Card_bsp/ps7_cortexa9_0/lib -o "SD_Card.elf"  ./src/hexapod_leg/I2Cdev.o ./src/hexapod_leg/MPU6050.o ./src/hexapod_leg/comm.o ./src/hexapod_leg/i2c.o ./src/hexapod_leg/imu.o ./src/hexapod_leg/interrupt.o ./src/hexapod_leg/joint_controls.o ./src/hexapod_leg/leg.o  ./src/main.o   -lm -Wl,--start-group,-lxil,-lfreertos,-lgcc,-lc,-lstdc++,--end-group -Wl,--start-group,-lxilffs,-lxil,-lgcc,-lc,--end-group
'Finished building target: SD_Card.elf'
' '
'Invoking: ARM v7 Print Size'
arm-none-eabi-size SD_Card.elf  |tee "SD_Card.elf.size"
   text	   data	    bss	    dec	    hex	filename
 209800	   4504	  92928	 307232	  4b020	SD_Card.elf
'Finished building: SD_Card.elf.size'
' '

14:23:20 Build Finished (took 9s.560ms)

